Archive member included because of file (symbol)

/usr/local/bin/../lib/gcc/msp430/4.7.4/mcpu-430x/mmpy-16/msr20/mc20/libgcc.a(_mulsi3.o)
                              build/z1/obj/cfs-coffee.o (__mulsi3)
/usr/local/bin/../lib/gcc/msp430/4.7.4/mcpu-430x/mmpy-16/msr20/mc20/libgcc.a(_udivmod16.o)
                              build/z1/obj/cfs-coffee.o (__udivhi3)
/usr/local/bin/../lib/gcc/msp430/4.7.4/mcpu-430x/mmpy-16/msr20/mc20/libgcc.a(_divmod16.o)
                              build/z1/obj/link-stats.o (__divhi3)
/usr/local/bin/../lib/gcc/msp430/4.7.4/mcpu-430x/mmpy-16/msr20/mc20/libgcc.a(_udivmod32.o)
                              build/z1/obj/ifft.o (__udivsi3)
/usr/local/bin/../lib/gcc/msp430/4.7.4/mcpu-430x/mmpy-16/msr20/mc20/libgcc.a(_divmod32.o)
                              build/z1/obj/cfs-coffee.o (__divsi3)
/usr/local/bin/../lib/gcc/msp430/4.7.4/../../../../msp430/lib/mcpu-430x/mmpy-16/msr20/mc20/libc.a(printf.o)
                              build/z1/obj/assert.o (printf)
/usr/local/bin/../lib/gcc/msp430/4.7.4/../../../../msp430/lib/mcpu-430x/mmpy-16/msr20/mc20/libc.a(vuprintf.o)
                              /usr/local/bin/../lib/gcc/msp430/4.7.4/../../../../msp430/lib/mcpu-430x/mmpy-16/msr20/mc20/libc.a(printf.o) (vuprintf)
/usr/local/bin/../lib/gcc/msp430/4.7.4/../../../../msp430/lib/mcpu-430x/mmpy-16/msr20/mc20/libc.a(puts.o)
                              build/z1/obj/assert.o (puts)
/usr/local/bin/../lib/gcc/msp430/4.7.4/../../../../msp430/lib/mcpu-430x/mmpy-16/msr20/mc20/libc.a(rand.o)
                              build/z1/obj/random.o (rand)
/usr/local/bin/../lib/gcc/msp430/4.7.4/../../../../msp430/lib/mcpu-430x/mmpy-16/msr20/mc20/libc.a(strcmp.o)
                              build/z1/obj/cfs-coffee.o (strcmp)
/usr/local/bin/../lib/gcc/msp430/4.7.4/../../../../msp430/lib/mcpu-430x/mmpy-16/msr20/mc20/libc.a(strncmp.o)
                              build/z1/obj/sensors.o (strncmp)
/usr/local/bin/../lib/gcc/msp430/4.7.4/../../../../msp430/lib/mcpu-430x/mmpy-16/msr20/mc20/libc.a(memcmp.o)
                              build/z1/obj/linkaddr.o (memcmp)
/usr/local/bin/../lib/gcc/msp430/4.7.4/../../../../msp430/lib/mcpu-430x/mmpy-16/msr20/mc20/libc.a(strncpy.o)
                              build/z1/obj/cfs-coffee.o (strncpy)
/usr/local/bin/../lib/gcc/msp430/4.7.4/../../../../msp430/lib/mcpu-430x/mmpy-16/msr20/mc20/libc.a(memcpy.o)
                              build/z1/obj/aes-128.o (memcpy)
/usr/local/bin/../lib/gcc/msp430/4.7.4/../../../../msp430/lib/mcpu-430x/mmpy-16/msr20/mc20/libc.a(memset.o)
                              build/z1/obj/cfs-coffee.o (memset)
/usr/local/bin/../lib/gcc/msp430/4.7.4/mcpu-430x/mmpy-16/msr20/mc20/libgcc.a(_udivmod64.o)
                              /usr/local/bin/../lib/gcc/msp430/4.7.4/../../../../msp430/lib/mcpu-430x/mmpy-16/msr20/mc20/libc.a(vuprintf.o) (__udivdi3)
/usr/local/bin/../lib/gcc/msp430/4.7.4/mcpu-430x/mmpy-16/msr20/mc20/libcrt0.a(_reset_vector__.o)
                              /usr/local/bin/../lib/gcc/msp430/4.7.4/mcpu-430x/mmpy-16/msr20/mc20/crt0ivtbl32.o (_reset_vector__)
/usr/local/bin/../lib/gcc/msp430/4.7.4/mcpu-430x/mmpy-16/msr20/mc20/libcrt0.a(__watchdog_support.o)
                              /usr/local/bin/../lib/gcc/msp430/4.7.4/mcpu-430x/mmpy-16/msr20/mc20/libcrt0.a(_reset_vector__.o) (__watchdog_support)
/usr/local/bin/../lib/gcc/msp430/4.7.4/mcpu-430x/mmpy-16/msr20/mc20/libcrt0.a(__init_stack.o)
                              /usr/local/bin/../lib/gcc/msp430/4.7.4/mcpu-430x/mmpy-16/msr20/mc20/libcrt0.a(_reset_vector__.o) (__init_stack)
/usr/local/bin/../lib/gcc/msp430/4.7.4/mcpu-430x/mmpy-16/msr20/mc20/libcrt0.a(__low_level_init.o)
                              /usr/local/bin/../lib/gcc/msp430/4.7.4/mcpu-430x/mmpy-16/msr20/mc20/libcrt0.a(_reset_vector__.o) (__low_level_init)
/usr/local/bin/../lib/gcc/msp430/4.7.4/mcpu-430x/mmpy-16/msr20/mc20/libcrt0.a(_copy_data.o)
                              /usr/local/bin/../lib/gcc/msp430/4.7.4/mcpu-430x/mmpy-16/msr20/mc20/libcrt0.a(_reset_vector__.o) (__do_copy_data)
/usr/local/bin/../lib/gcc/msp430/4.7.4/mcpu-430x/mmpy-16/msr20/mc20/libcrt0.a(_clear_bss.o)
                              /usr/local/bin/../lib/gcc/msp430/4.7.4/mcpu-430x/mmpy-16/msr20/mc20/libcrt0.a(_reset_vector__.o) (__do_clear_bss)
/usr/local/bin/../lib/gcc/msp430/4.7.4/mcpu-430x/mmpy-16/msr20/mc20/libcrt0.a(__stop_progExec__.o)
                              /usr/local/bin/../lib/gcc/msp430/4.7.4/mcpu-430x/mmpy-16/msr20/mc20/libcrt0.a(_reset_vector__.o) (__stop_progExec__)
/usr/local/bin/../lib/gcc/msp430/4.7.4/mcpu-430x/mmpy-16/msr20/mc20/libcrt0.a(_endless_loop__.o)
                              /usr/local/bin/../lib/gcc/msp430/4.7.4/mcpu-430x/mmpy-16/msr20/mc20/libcrt0.a(_reset_vector__.o) (_endless_loop__)
/usr/local/bin/../lib/gcc/msp430/4.7.4/mcpu-430x/mmpy-16/msr20/mc20/libcrt0.a(_unexpected_.o)
[...]
Memory Configuration

Name             Origin             Length             Attributes
sfr              0x0000000000000000 0x0000000000000010
peripheral_8bit  0x0000000000000010 0x00000000000000f0
peripheral_16bit 0x0000000000000100 0x0000000000000100
ram_mirror       0x0000000000000200 0x0000000000000800 xw
infomem          0x0000000000001000 0x0000000000000100
infod            0x0000000000001000 0x0000000000000040
infoc            0x0000000000001040 0x0000000000000040
infob            0x0000000000001080 0x0000000000000040
infoa            0x00000000000010c0 0x0000000000000040
ram              0x0000000000001100 0x0000000000002000 xw
rom              0x0000000000003100 0x000000000000cebe xr
vectors          0x000000000000ffc0 0x0000000000000040
far_rom          0x0000000000010000 0x000000000000a000
bsl              0x0000000000000000 0x0000000000000000
ram2             0x0000000000000000 0x0000000000000000 xw
usbram           0x0000000000000000 0x0000000000000000 xw
*default*        0x0000000000000000 0xffffffffffffffff

Linker script and memory map

LOAD /usr/local/bin/../lib/gcc/msp430/4.7.4/mcpu-430x/mmpy-16/msr20/mc20/crt0ivtbl32.o
                0x0000000000000041                __P1SEL2 = 0x41
                0x0000000000000045                __P5SEL2 = 0x45
                0x0000000000001a68                _stack = _end
LOAD build/z1/obj/LEACH.o
LOAD build/z1/obj/adxl345.o
LOAD build/z1/obj/aes-128.o
LOAD build/z1/obj/anti-replay.o
LOAD build/z1/obj/assert.o
LOAD build/z1/obj/atomic.o
LOAD build/z1/obj/autostart.o
LOAD build/z1/obj/battery-sensor.o
LOAD build/z1/obj/button-hal.o
LOAD build/z1/obj/button-sensor.o
LOAD build/z1/obj/cc2420-arch-sfd.o
LOAD build/z1/obj/cc2420-arch.o
LOAD build/z1/obj/cc2420-tsch-15ms.o
LOAD build/z1/obj/cc2420.o
LOAD build/z1/obj/ccm-star-packetbuf.o
LOAD build/z1/obj/ccm-star.o
LOAD build/z1/obj/cfs-coffee.o
LOAD build/z1/obj/circular-list.o
LOAD build/z1/obj/clock.o
LOAD build/z1/obj/compower.o
LOAD build/z1/obj/contiki-main.o
LOAD build/z1/obj/crc16.o
LOAD build/z1/obj/csma-output.o
LOAD build/z1/obj/csma-security.o
LOAD build/z1/obj/csma.o
LOAD build/z1/obj/csprng.o
LOAD build/z1/obj/ctimer.o
LOAD build/z1/obj/dbl-circ-list.o
LOAD build/z1/obj/dbl-list.o
LOAD build/z1/obj/energest.o
LOAD build/z1/obj/etimer.o
LOAD build/z1/obj/flash.o
LOAD build/z1/obj/frame802154.o
LOAD build/z1/obj/frame802154e-ie.o
LOAD build/z1/obj/framer-802154.o
LOAD build/z1/obj/gpio-hal.o
LOAD build/z1/obj/heapmem.o
LOAD build/z1/obj/hexconv.o
LOAD build/z1/obj/i2cmaster.o
LOAD build/z1/obj/ifft.o
LOAD build/z1/obj/int-master.o
LOAD build/z1/obj/iq-seeder.o
LOAD build/z1/obj/leds-arch.o
LOAD build/z1/obj/leds.o
LOAD build/z1/obj/light-sensor.o
LOAD build/z1/obj/link-stats.o
LOAD build/z1/obj/linkaddr.o
LOAD build/z1/obj/list.o
LOAD build/z1/obj/log.o
LOAD build/z1/obj/lpm.o
LOAD build/z1/obj/mac-sequence.o
LOAD build/z1/obj/memb.o
LOAD build/z1/obj/msp430.o
LOAD build/z1/obj/mutex.o
LOAD build/z1/obj/nbr-table.o
LOAD build/z1/obj/net-debug.o
LOAD build/z1/obj/netstack.o
LOAD build/z1/obj/node-id-z1.o
LOAD build/z1/obj/node-id.o
LOAD build/z1/obj/nullframer.o
LOAD build/z1/obj/nullnet-broadcast.o
LOAD build/z1/obj/nullnet.o
LOAD build/z1/obj/nullradio.o
LOAD build/z1/obj/nullrouting.o
LOAD build/z1/obj/packetbuf.o
LOAD build/z1/obj/platform.o
LOAD build/z1/obj/process.o
LOAD build/z1/obj/queuebuf.o
LOAD build/z1/obj/random.o
LOAD build/z1/obj/ringbuf.o
LOAD build/z1/obj/ringbufindex.o
LOAD build/z1/obj/rtimer-arch.o
LOAD build/z1/obj/rtimer.o
LOAD build/z1/obj/sensors.o
LOAD build/z1/obj/serial-line.o
LOAD build/z1/obj/sha-256.o
LOAD build/z1/obj/sink.o
LOAD build/z1/obj/sky-sensors.o
LOAD build/z1/obj/slip_uart0.o
LOAD build/z1/obj/spi-legacy.o
LOAD build/z1/obj/spi.o
LOAD build/z1/obj/stack-check.o
LOAD build/z1/obj/stimer.o
LOAD build/z1/obj/temperature-sensor.o
LOAD build/z1/obj/timer.o
LOAD build/z1/obj/tmp102.o
LOAD build/z1/obj/trickle-timer.o
LOAD build/z1/obj/uart-putchar.o
LOAD build/z1/obj/uart0.o
LOAD build/z1/obj/uip-ipchksum.o
LOAD build/z1/obj/watchdog.o
LOAD build/z1/obj/xmem.o
LOAD build/z1/obj/z1-phidgets.o
LOAD build/z1/obj/z1-sensors.o
LOAD /usr/local/bin/../lib/gcc/msp430/4.7.4/mcpu-430x/mmpy-16/msr20/mc20/libgcc.a
LOAD /usr/local/bin/../lib/gcc/msp430/4.7.4/../../../../msp430/lib/mcpu-430x/mmpy-16/msr20/mc20/libc.a
LOAD /usr/local/bin/../lib/gcc/msp430/4.7.4/mcpu-430x/mmpy-16/msr20/mc20/libgcc.a
LOAD /usr/local/bin/../lib/gcc/msp430/4.7.4/mcpu-430x/mmpy-16/msr20/mc20/libcrt0.a
                0x0000000000000040                PROVIDE (__info_segment_size, 0x40)
                0x0000000000001000                PROVIDE (__infod, 0x1000)
                0x0000000000001040                PROVIDE (__infoc, 0x1040)
                0x0000000000001080                PROVIDE (__infob, 0x1080)
                0x00000000000010c0                PROVIDE (__infoa, 0x10c0)
                0x0000000000000000                __IE1 = 0x0
                0x0000000000000002                __IFG1 = 0x2
                0x0000000000000001                __IE2 = 0x1
                0x0000000000000003                __IFG2 = 0x3
                0x0000000000000006                __UC1IE = 0x6
                0x0000000000000007                __UC1IFG = 0x7
                0x00000000000001a0                __ADC12CTL0 = 0x1a0
                0x00000000000001a2                __ADC12CTL1 = 0x1a2
                0x00000000000001a4                __ADC12IFG = 0x1a4
                0x00000000000001a6                __ADC12IE = 0x1a6
                0x00000000000001a8                __ADC12IV = 0x1a8
                0x0000000000000140                __ADC12MEM0 = 0x140
                0x0000000000000142                __ADC12MEM1 = 0x142
                0x0000000000000144                __ADC12MEM2 = 0x144
                0x0000000000000146                __ADC12MEM3 = 0x146
                0x0000000000000148                __ADC12MEM4 = 0x148
                0x000000000000014a                __ADC12MEM5 = 0x14a
                0x000000000000014c                __ADC12MEM6 = 0x14c
                0x000000000000014e                __ADC12MEM7 = 0x14e
                0x0000000000000150                __ADC12MEM8 = 0x150
                0x0000000000000152                __ADC12MEM9 = 0x152
                0x0000000000000154                __ADC12MEM10 = 0x154
                0x0000000000000156                __ADC12MEM11 = 0x156
                0x0000000000000158                __ADC12MEM12 = 0x158
                0x000000000000015a                __ADC12MEM13 = 0x15a
                0x000000000000015c                __ADC12MEM14 = 0x15c
                0x000000000000015e                __ADC12MEM15 = 0x15e
                0x0000000000000080                __ADC12MCTL0 = 0x80
                0x0000000000000081                __ADC12MCTL1 = 0x81
                0x0000000000000082                __ADC12MCTL2 = 0x82
                0x0000000000000083                __ADC12MCTL3 = 0x83
                0x0000000000000084                __ADC12MCTL4 = 0x84
                0x0000000000000085                __ADC12MCTL5 = 0x85
                0x0000000000000086                __ADC12MCTL6 = 0x86
                0x0000000000000087                __ADC12MCTL7 = 0x87
                0x0000000000000088                __ADC12MCTL8 = 0x88
                0x0000000000000089                __ADC12MCTL9 = 0x89
                0x000000000000008a                __ADC12MCTL10 = 0x8a
                0x000000000000008b                __ADC12MCTL11 = 0x8b
                0x000000000000008c                __ADC12MCTL12 = 0x8c
                0x000000000000008d                __ADC12MCTL13 = 0x8d
                0x000000000000008e                __ADC12MCTL14 = 0x8e
                0x000000000000008f                __ADC12MCTL15 = 0x8f
                0x0000000000000056                __DCOCTL = 0x56
                0x0000000000000057                __BCSCTL1 = 0x57
                0x0000000000000058                __BCSCTL2 = 0x58
                0x0000000000000053                __BCSCTL3 = 0x53
                0x0000000000000059                __CACTL1 = 0x59
                0x000000000000005a                __CACTL2 = 0x5a
                0x000000000000005b                __CAPD = 0x5b
                0x00000000000001c0                __DAC12_0CTL = 0x1c0
                0x00000000000001c2                __DAC12_1CTL = 0x1c2
                0x00000000000001c8                __DAC12_0DAT = 0x1c8
                0x00000000000001ca                __DAC12_1DAT = 0x1ca
                0x0000000000000122                __DMACTL0 = 0x122
                0x0000000000000124                __DMACTL1 = 0x124
                0x0000000000000126                __DMAIV = 0x126
                0x00000000000001d0                __DMA0CTL = 0x1d0
                0x00000000000001dc                __DMA1CTL = 0x1dc
                0x00000000000001e8                __DMA2CTL = 0x1e8
                0x00000000000001d2                __DMA0SA = 0x1d2
                0x00000000000001d2                __DMA0SAL = 0x1d2
                0x00000000000001d6                __DMA0DA = 0x1d6
                0x00000000000001d6                __DMA0DAL = 0x1d6
                0x00000000000001da                __DMA0SZ = 0x1da
                0x00000000000001de                __DMA1SA = 0x1de
                0x00000000000001de                __DMA1SAL = 0x1de
                0x00000000000001e2                __DMA1DA = 0x1e2
                0x00000000000001e2                __DMA1DAL = 0x1e2
                0x00000000000001e6                __DMA1SZ = 0x1e6
                0x00000000000001ea                __DMA2SA = 0x1ea
                0x00000000000001ea                __DMA2SAL = 0x1ea
                0x00000000000001ee                __DMA2DA = 0x1ee
                0x00000000000001ee                __DMA2DAL = 0x1ee
                0x00000000000001f2                __DMA2SZ = 0x1f2
                0x0000000000000128                __FCTL1 = 0x128
                0x000000000000012a                __FCTL2 = 0x12a
                0x000000000000012c                __FCTL3 = 0x12c
                0x00000000000001be                __FCTL4 = 0x1be
                0x0000000000000130                __MPY = 0x130
                0x0000000000000132                __MPYS = 0x132
                0x0000000000000134                __MAC = 0x134
                0x0000000000000136                __MACS = 0x136
                0x0000000000000138                __OP2 = 0x138
                0x000000000000013a                __RESLO = 0x13a
                0x000000000000013c                __RESHI = 0x13c
                0x000000000000013e                __SUMEXT = 0x13e
                0x0000000000000020                __P1IN = 0x20
                0x0000000000000021                __P1OUT = 0x21
                0x0000000000000022                __P1DIR = 0x22
                0x0000000000000023                __P1IFG = 0x23
                0x0000000000000024                __P1IES = 0x24
                0x0000000000000025                __P1IE = 0x25
                0x0000000000000026                __P1SEL = 0x26
                0x0000000000000027                __P1REN = 0x27
                0x0000000000000028                __P2IN = 0x28
                0x0000000000000029                __P2OUT = 0x29
                0x000000000000002a                __P2DIR = 0x2a
                0x000000000000002b                __P2IFG = 0x2b
                0x000000000000002c                __P2IES = 0x2c
                0x000000000000002d                __P2IE = 0x2d
                0x000000000000002e                __P2SEL = 0x2e
                0x000000000000002f                __P2REN = 0x2f
                0x0000000000000018                __P3IN = 0x18
                0x0000000000000019                __P3OUT = 0x19
                0x000000000000001a                __P3DIR = 0x1a
                0x000000000000001b                __P3SEL = 0x1b
                0x0000000000000010                __P3REN = 0x10
                0x000000000000001c                __P4IN = 0x1c
                0x000000000000001d                __P4OUT = 0x1d
                0x000000000000001e                __P4DIR = 0x1e
                0x000000000000001f                __P4SEL = 0x1f
                0x0000000000000011                __P4REN = 0x11
                0x0000000000000030                __P5IN = 0x30
                0x0000000000000031                __P5OUT = 0x31
                0x0000000000000032                __P5DIR = 0x32
                0x0000000000000033                __P5SEL = 0x33
                0x0000000000000012                __P5REN = 0x12
                0x0000000000000034                __P6IN = 0x34
                0x0000000000000035                __P6OUT = 0x35
                0x0000000000000036                __P6DIR = 0x36
                0x0000000000000037                __P6SEL = 0x37
                0x0000000000000013                __P6REN = 0x13
                0x0000000000000038                __P7IN = 0x38
                0x000000000000003a                __P7OUT = 0x3a
                0x000000000000003c                __P7DIR = 0x3c
                0x000000000000003e                __P7SEL = 0x3e
                0x0000000000000014                __P7REN = 0x14
                0x0000000000000039                __P8IN = 0x39
                0x000000000000003b                __P8OUT = 0x3b
                0x000000000000003d                __P8DIR = 0x3d
                0x000000000000003f                __P8SEL = 0x3f
                0x0000000000000015                __P8REN = 0x15
                0x0000000000000038                __PAIN = 0x38
                0x000000000000003a                __PAOUT = 0x3a
                0x000000000000003c                __PADIR = 0x3c
                0x000000000000003e                __PASEL = 0x3e
                0x0000000000000014                __PAREN = 0x14
                0x0000000000000055                __SVSCTL = 0x55
                0x000000000000012e                __TAIV = 0x12e
                0x0000000000000160                __TACTL = 0x160
                0x0000000000000162                __TACCTL0 = 0x162
                0x0000000000000164                __TACCTL1 = 0x164
                0x0000000000000166                __TACCTL2 = 0x166
                0x0000000000000170                __TAR = 0x170
                0x0000000000000172                __TACCR0 = 0x172
                0x0000000000000174                __TACCR1 = 0x174
                0x0000000000000176                __TACCR2 = 0x176
                0x000000000000011e                __TBIV = 0x11e
                0x0000000000000180                __TBCTL = 0x180
                0x0000000000000182                __TBCCTL0 = 0x182
                0x0000000000000184                __TBCCTL1 = 0x184
                0x0000000000000186                __TBCCTL2 = 0x186
                0x0000000000000188                __TBCCTL3 = 0x188
                0x000000000000018a                __TBCCTL4 = 0x18a
                0x000000000000018c                __TBCCTL5 = 0x18c
                0x000000000000018e                __TBCCTL6 = 0x18e
                0x0000000000000190                __TBR = 0x190
                0x0000000000000192                __TBCCR0 = 0x192
                0x0000000000000194                __TBCCR1 = 0x194
                0x0000000000000196                __TBCCR2 = 0x196
                0x0000000000000198                __TBCCR3 = 0x198
                0x000000000000019a                __TBCCR4 = 0x19a
                0x000000000000019c                __TBCCR5 = 0x19c
                0x000000000000019e                __TBCCR6 = 0x19e
                0x0000000000000060                __UCA0CTL0 = 0x60
                0x0000000000000061                __UCA0CTL1 = 0x61
                0x0000000000000062                __UCA0BR0 = 0x62
                0x0000000000000063                __UCA0BR1 = 0x63
                0x0000000000000064                __UCA0MCTL = 0x64
                0x0000000000000065                __UCA0STAT = 0x65
                0x0000000000000066                __UCA0RXBUF = 0x66
                0x0000000000000067                __UCA0TXBUF = 0x67
                0x000000000000005d                __UCA0ABCTL = 0x5d
                0x000000000000005e                __UCA0IRTCTL = 0x5e
                0x000000000000005f                __UCA0IRRCTL = 0x5f
                0x0000000000000068                __UCB0CTL0 = 0x68
                0x0000000000000069                __UCB0CTL1 = 0x69
                0x000000000000006a                __UCB0BR0 = 0x6a
                0x000000000000006b                __UCB0BR1 = 0x6b
                0x000000000000006c                __UCB0I2CIE = 0x6c
                0x000000000000006d                __UCB0STAT = 0x6d
                0x000000000000006e                __UCB0RXBUF = 0x6e
                0x000000000000006f                __UCB0TXBUF = 0x6f
                0x0000000000000118                __UCB0I2COA = 0x118
                0x000000000000011a                __UCB0I2CSA = 0x11a
                0x00000000000000d0                __UCA1CTL0 = 0xd0
                0x00000000000000d1                __UCA1CTL1 = 0xd1
                0x00000000000000d2                __UCA1BR0 = 0xd2
                0x00000000000000d3                __UCA1BR1 = 0xd3
                0x00000000000000d4                __UCA1MCTL = 0xd4
                0x00000000000000d5                __UCA1STAT = 0xd5
                0x00000000000000d6                __UCA1RXBUF = 0xd6
                0x00000000000000d7                __UCA1TXBUF = 0xd7
                0x00000000000000cd                __UCA1ABCTL = 0xcd
                0x00000000000000ce                __UCA1IRTCTL = 0xce
                0x00000000000000cf                __UCA1IRRCTL = 0xcf
                0x00000000000000d8                __UCB1CTL0 = 0xd8
                0x00000000000000d9                __UCB1CTL1 = 0xd9
                0x00000000000000da                __UCB1BR0 = 0xda
                0x00000000000000db                __UCB1BR1 = 0xdb
                0x00000000000000dc                __UCB1I2CIE = 0xdc
                0x00000000000000dd                __UCB1STAT = 0xdd
                0x00000000000000de                __UCB1RXBUF = 0xde
                0x00000000000000df                __UCB1TXBUF = 0xdf
                0x000000000000017c                __UCB1I2COA = 0x17c
                0x000000000000017e                __UCB1I2CSA = 0x17e
                0x0000000000000120                __WDTCTL = 0x120
                0x00000000000010c0                __TLV_CHECKSUM = 0x10c0
                0x00000000000010f6                __TLV_DCO_30_TAG = 0x10f6
                0x00000000000010f7                __TLV_DCO_30_LEN = 0x10f7
                0x00000000000010da                __TLV_ADC12_1_TAG = 0x10da
                0x00000000000010db                __TLV_ADC12_1_LEN = 0x10db
                0x00000000000010f8                __CALDCO_16MHZ = 0x10f8
                0x00000000000010f9                __CALBC1_16MHZ = 0x10f9
                0x00000000000010fa                __CALDCO_12MHZ = 0x10fa
                0x00000000000010fb                __CALBC1_12MHZ = 0x10fb
                0x00000000000010fc                __CALDCO_8MHZ = 0x10fc
                0x00000000000010fd                __CALBC1_8MHZ = 0x10fd
                0x00000000000010fe                __CALDCO_1MHZ = 0x10fe
                0x00000000000010ff                __CALBC1_1MHZ = 0x10ff

.hash
 *(SORT(.hash))

.dynsym
 *(SORT(.dynsym))

.dynstr
 *(SORT(.dynstr))

.gnu.version
 *(SORT(.gnu.version))

.gnu.version_d
 *(SORT(.gnu.version_d))

.gnu.version_r
 *(SORT(.gnu.version_r))

.rel.init
 *(SORT(.rel.init))

.rela.init
 *(SORT(.rela.init))

.rel.fini
 *(SORT(.rel.fini))

.rela.fini
 *(SORT(.rela.fini))

.rel.text
 *(SORT(.rel.text) SORT(.rel.text.*) SORT(.rel.gnu.linkonce.t.*))

.rela.text
 *(SORT(.rela.text) SORT(.rela.text.*) SORT(.rela.gnu.linkonce.t.*))

.rel.rodata
 *(SORT(.rel.rodata) SORT(.rel.rodata.*) SORT(.rel.gnu.linkonce.r.*))

.rela.rodata
 *(SORT(.rela.rodata) SORT(.rela.rodata.*) SORT(.rela.gnu.linkonce.r.*))

.rel.data
 *(SORT(.rel.data) SORT(.rel.data.*) SORT(.rel.gnu.linkonce.d.*))

.rela.data
 *(SORT(.rela.data) SORT(.rela.data.*) SORT(.rela.gnu.linkonce.d.*))

.rel.bss
 *(SORT(.rel.bss) SORT(.rel.bss.*) SORT(.rel.gnu.linkonce.b.*))

.rela.bss
 *(SORT(.rela.bss) SORT(.rela.bss.*) SORT(.rela.gnu.linkonce.b.*))

.rel.ctors
 *(SORT(.rel.ctors))

.rela.ctors
 *(SORT(.rela.ctors))

.rel.dtors
 *(SORT(.rel.dtors))

.rela.dtors
 *(SORT(.rela.dtors))

.rel.got
 *(SORT(.rel.got))

.rela.got
 *(SORT(.rela.got))

.rel.plt
 *(SORT(.rel.plt))

.rela.plt
 *(SORT(.rela.plt))

.text           0x0000000000003100     0x4050
                0x0000000000003100                . = ALIGN (0x2)
 *(SORT(.init) SORT(.init.*))
 *(SORT(.init0))
 .init0         0x0000000000003100        0x0 /usr/local/bin/../lib/gcc/msp430/4.7.4/mcpu-430x/mmpy-16/msr20/mc20/libcrt0.a(_reset_vector__.o)
                0x0000000000003100                _reset_vector__
 *(SORT(.init1))
 .init1         0x0000000000003100        0xc /usr/local/bin/../lib/gcc/msp430/4.7.4/mcpu-430x/mmpy-16/msr20/mc20/libcrt0.a(__watchdog_support.o)
                0x0000000000003100                __watchdog_support
 *(SORT(.init2))
 .init2         0x000000000000310c        0x4 /usr/local/bin/../lib/gcc/msp430/4.7.4/mcpu-430x/mmpy-16/msr20/mc20/libcrt0.a(__init_stack.o)
                0x000000000000310c                __init_stack
 *(SORT(.init3))
 .init3         0x0000000000003110        0x0 /usr/local/bin/../lib/gcc/msp430/4.7.4/mcpu-430x/mmpy-16/msr20/mc20/libcrt0.a(__low_level_init.o)
                0x0000000000003110                __low_level_init
 *(SORT(.init4))
 .init4         0x0000000000003110       0x18 /usr/local/bin/../lib/gcc/msp430/4.7.4/mcpu-430x/mmpy-16/msr20/mc20/libcrt0.a(_copy_data.o)
                0x0000000000003110                __do_copy_data
 .init4         0x0000000000003128       0x16 /usr/local/bin/../lib/gcc/msp430/4.7.4/mcpu-430x/mmpy-16/msr20/mc20/libcrt0.a(_clear_bss.o)
                0x0000000000003128                __do_clear_bss
 *(SORT(.init5))
 *(SORT(.init6))
 *(SORT(.init7))
 *(SORT(.init8))
 *(SORT(.init9))
 .init9         0x000000000000313e      0x1d4 build/z1/obj/contiki-main.o
                0x000000000000313e                main
 *(SORT(.fini9))
 .fini9         0x0000000000003312        0x0 /usr/local/bin/../lib/gcc/msp430/4.7.4/mcpu-430x/mmpy-16/msr20/mc20/libcrt0.a(__stop_progExec__.o)
                0x0000000000003312                __stop_progExec__
 *(SORT(.fini8))
 *(SORT(.fini7))
 *(SORT(.fini6))
 *(SORT(.fini5))
 *(SORT(.fini4))
 *(SORT(.fini3))
 *(SORT(.fini2))
 *(SORT(.fini1))
 *(SORT(.fini0))
 .fini0         0x0000000000003312        0x6 /usr/local/bin/../lib/gcc/msp430/4.7.4/mcpu-430x/mmpy-16/msr20/mc20/libcrt0.a(_endless_loop__.o)
                0x0000000000003312                _endless_loop__
 *(SORT(.fini) SORT(.fini.*))
                0x0000000000003318                . = ALIGN (0x2)
                0x0000000000003318                __ctors_start = .
 *(SORT(.ctors))
                0x0000000000003318                __ctors_end = .
                0x0000000000003318                __dtors_start = .
 *(SORT(.dtors))
                0x0000000000003318                __dtors_end = .
                0x0000000000003318                . = ALIGN (0x2)
 *(SORT(.text) SORT(.text.*) SORT(.gnu.linkonce.t.*))
 .text          0x0000000000003318        0x4 /usr/local/bin/../lib/gcc/msp430/4.7.4/mcpu-430x/mmpy-16/msr20/mc20/crt0ivtbl32.o
                0x0000000000003318                __isr_14
                0x0000000000003318                __isr_4
                0x0000000000003318                __isr_29
                0x0000000000003318                __isr_11
                0x0000000000003318                __isr_5
                0x0000000000003318                __isr_2
                0x0000000000003318                __isr_10
                0x0000000000003318                __isr_7
                0x0000000000003318                __isr_0
                0x0000000000003318                __isr_8
                0x0000000000003318                __isr_20
                0x0000000000003318                __isr_3
                0x0000000000003318                __isr_12
                0x0000000000003318                __isr_13
                0x0000000000003318                __isr_27
                0x0000000000003318                __isr_9
                0x0000000000003318                __isr_30
                0x0000000000003318                __isr_6
                0x0000000000003318                __isr_22
                0x0000000000003318                __isr_1
                0x0000000000003318                __isr_15
                0x0000000000003318                __isr_21
 .text.crt0     0x000000000000331c        0x2 /usr/local/bin/../lib/gcc/msp430/4.7.4/mcpu-430x/mmpy-16/msr20/mc20/libcrt0.a(_unexpected_.o)
                0x000000000000331c                _unexpected_
 .text.libgcc   0x000000000000331e       0x26 /usr/local/bin/../lib/gcc/msp430/4.7.4/mcpu-430x/mmpy-16/msr20/mc20/libgcc.a(_mulsi3.o)
                0x000000000000331e                __mulsi3
 .text.libgcc   0x0000000000003344       0x22 /usr/local/bin/../lib/gcc/msp430/4.7.4/mcpu-430x/mmpy-16/msr20/mc20/libgcc.a(_udivmod16.o)
                0x0000000000003344                __udivhi3
                0x0000000000003344                __ext_udivmod16
                0x000000000000335e                __umodhi3
 .text.libgcc   0x0000000000003366       0x38 /usr/local/bin/../lib/gcc/msp430/4.7.4/mcpu-430x/mmpy-16/msr20/mc20/libgcc.a(_udivmod32.o)
                0x0000000000003366                __udivsi3
                0x0000000000003366                __ext_udivmod32
                0x0000000000003394                __umodsi3
 .text.libgcc   0x000000000000339e       0xbc /usr/local/bin/../lib/gcc/msp430/4.7.4/mcpu-430x/mmpy-16/msr20/mc20/libgcc.a(_udivmod64.o)
                0x000000000000339e                __xabi_udivmod64
                0x00000000000033f0                __udivdi3
                0x000000000000340a                __umoddi3
                0x000000000000342c                __udivmoddi4
 *(SORT(.near.text) SORT(.near.text.*))
 .near.text.port1_isr
                0x000000000000345a       0x84 build/z1/obj/adxl345.o
                0x000000000000345a                port1_isr
                0x000000000000345a                __isr_18
 .near.text.irq_p2
                0x00000000000034de       0x3c build/z1/obj/button-sensor.o
                0x00000000000034de                irq_p2
                0x00000000000034de                __isr_19
 .near.text.cc2420_timerb1_interrupt
                0x000000000000351a       0x26 build/z1/obj/cc2420-arch-sfd.o
                0x000000000000351a                cc2420_timerb1_interrupt
                0x000000000000351a                __isr_28
 .near.text.timera1
                0x0000000000003540       0xcc build/z1/obj/clock.o
                0x0000000000003540                __isr_24
                0x0000000000003540                timera1
 .near.text.i2c_tx_interrupt
                0x000000000000360c       0x84 build/z1/obj/i2cmaster.o
                0x000000000000360c                __isr_16
                0x000000000000360c                i2c_tx_interrupt
 .near.text.i2c_rx_interrupt
                0x0000000000003690       0x14 build/z1/obj/i2cmaster.o
                0x0000000000003690                i2c_rx_interrupt
                0x0000000000003690                __isr_17
 .near.text.timera0
                0x00000000000036a4       0x22 build/z1/obj/rtimer-arch.o
                0x00000000000036a4                __isr_25
                0x00000000000036a4                timera0
 .near.text.uart0_rx_interrupt
                0x00000000000036c6       0x2a build/z1/obj/uart0.o
                0x00000000000036c6                __isr_23
                0x00000000000036c6                uart0_rx_interrupt
 .near.text.watchdog_interrupt
                0x00000000000036f0        0x6 build/z1/obj/watchdog.o
                0x00000000000036f0                __isr_26
                0x00000000000036f0                watchdog_interrupt
 .any.text.status
                0x00000000000036f6       0x12 build/z1/obj/adxl345.o
 .any.text.accm_write_reg
                0x0000000000003708       0x2e build/z1/obj/adxl345.o
 .any.text.accm_write_stream
                0x0000000000003736       0x2a build/z1/obj/adxl345.o
 .any.text.accm_read_reg
                0x0000000000003760       0x54 build/z1/obj/adxl345.o
 .any.text.process_thread_accmeter_process
                0x00000000000037b4       0x56 build/z1/obj/adxl345.o
 .any.text.accm_read_axis.part.0
                0x000000000000380a       0x5a build/z1/obj/adxl345.o
 .any.text.value
                0x0000000000003864       0x1e build/z1/obj/adxl345.o
 .any.text.accm_init
                0x0000000000003882       0x78 build/z1/obj/adxl345.o
                0x0000000000003882                accm_init
 .any.text.accm_stop
                0x00000000000038fa       0x32 build/z1/obj/adxl345.o
                0x00000000000038fa                accm_stop
 .any.text.configure
                0x000000000000392c       0x26 build/z1/obj/adxl345.o
 .any.text.autostart_start
                0x0000000000003952       0x16 build/z1/obj/autostart.o
                0x0000000000003952                autostart_start
 .any.text.status
                0x0000000000003968       0x18 build/z1/obj/button-sensor.o
 .any.text.value
                0x0000000000003980       0x1a build/z1/obj/button-sensor.o
 .any.text.configure
                0x000000000000399a       0x4e build/z1/obj/button-sensor.o
 .any.text.cc2420_arch_init
                0x00000000000039e8       0x1a build/z1/obj/cc2420-arch.o
                0x00000000000039e8                cc2420_arch_init
 .any.text.get_object
                0x0000000000003a02        0x4 build/z1/obj/cc2420.o
 .any.text.set_object
                0x0000000000003a06        0x4 build/z1/obj/cc2420.o
 .any.text.strobe
                0x0000000000003a0a       0x1a build/z1/obj/cc2420.o
 .any.text.getreg
                0x0000000000003a24       0x46 build/z1/obj/cc2420.o
 .any.text.setreg
                0x0000000000003a6a       0x44 build/z1/obj/cc2420.o
 .any.text.write_ram
                0x0000000000003aae       0x72 build/z1/obj/cc2420.o
 .any.text.write_fifo_buf
                0x0000000000003b20       0x38 build/z1/obj/cc2420.o
 .any.text.get_status
                0x0000000000003b58       0x1e build/z1/obj/cc2420.o
 .any.text.on   0x0000000000003b76       0x1a build/z1/obj/cc2420.o
 .any.text.cc2420_receiving_packet
                0x0000000000003b90        0xa build/z1/obj/cc2420.o
 .any.text.pending_packet
                0x0000000000003b9a        0xa build/z1/obj/cc2420.o
 .any.text.wait_for_transmission
                0x0000000000003ba4       0x22 build/z1/obj/cc2420.o
 .any.text.wait_for_status
                0x0000000000003bc6       0x24 build/z1/obj/cc2420.o
 .any.text.getrxdata
                0x0000000000003bea       0x4c build/z1/obj/cc2420.o
 .any.text.flushrx
                0x0000000000003c36       0x1a build/z1/obj/cc2420.o
 .any.text.off  0x0000000000003c50       0x28 build/z1/obj/cc2420.o
 .any.text.RELEASE_LOCK
                0x0000000000003c78       0x28 build/z1/obj/cc2420.o
 .any.text.set_frame_filtering
                0x0000000000003ca0       0x30 build/z1/obj/cc2420.o
 .any.text.set_auto_ack
                0x0000000000003cd0       0x30 build/z1/obj/cc2420.o
 .any.text.set_poll_mode
                0x0000000000003d00       0x2c build/z1/obj/cc2420.o
 .any.text.cc2420_prepare
                0x0000000000003d2c       0x42 build/z1/obj/cc2420.o
 .any.text.cc2420_on
                0x0000000000003d6e       0x22 build/z1/obj/cc2420.o
                0x0000000000003d6e                cc2420_on
 .any.text.cc2420_transmit
                0x0000000000003d90       0x66 build/z1/obj/cc2420.o
 .any.text.cc2420_send
                0x0000000000003df6       0x12 build/z1/obj/cc2420.o
 .any.text.cc2420_off
                0x0000000000003e08       0x30 build/z1/obj/cc2420.o
                0x0000000000003e08                cc2420_off
 .any.text.cc2420_cca
                0x0000000000003e38       0x54 build/z1/obj/cc2420.o
 .any.text.cc2420_read
                0x0000000000003e8c       0xba build/z1/obj/cc2420.o
 .any.text.process_thread_cc2420_process
                0x0000000000003f46       0x56 build/z1/obj/cc2420.o
 .any.text.cc2420_set_channel
                0x0000000000003f9c       0x3a build/z1/obj/cc2420.o
                0x0000000000003f9c                cc2420_set_channel
 .any.text.cc2420_set_pan_addr
                0x0000000000003fd6       0x4c build/z1/obj/cc2420.o
                0x0000000000003fd6                cc2420_set_pan_addr
 .any.text.cc2420_interrupt
                0x0000000000004022       0x16 build/z1/obj/cc2420.o
                0x0000000000004022                cc2420_interrupt
 .any.text.cc2420_set_txpower
                0x0000000000004038       0x2c build/z1/obj/cc2420.o
                0x0000000000004038                cc2420_set_txpower
 .any.text.cc2420_get_txpower
                0x0000000000004064       0x1e build/z1/obj/cc2420.o
                0x0000000000004064                cc2420_get_txpower
 .any.text.cc2420_rssi
                0x0000000000004082       0x48 build/z1/obj/cc2420.o
                0x0000000000004082                cc2420_rssi
 .any.text.get_value
                0x00000000000040ca      0x11e build/z1/obj/cc2420.o
 .any.text.cc2420_set_cca_threshold
                0x00000000000041e8       0x16 build/z1/obj/cc2420.o
                0x00000000000041e8                cc2420_set_cca_threshold
 .any.text.set_value
                0x00000000000041fe      0x14a build/z1/obj/cc2420.o
 .any.text.cc2420_init
                0x0000000000004348       0xea build/z1/obj/cc2420.o
                0x0000000000004348                cc2420_init
 .any.text.clock_time
                0x0000000000004432       0x1a build/z1/obj/clock.o
                0x0000000000004432                clock_time
 .any.text.clock_init
                0x000000000000444c       0x28 build/z1/obj/clock.o
                0x000000000000444c                clock_init
 .any.text.clock_delay
                0x0000000000004474        0xc build/z1/obj/clock.o
                0x0000000000004474                clock_delay
 .any.text.clock_wait
                0x0000000000004480       0x24 build/z1/obj/clock.o
                0x0000000000004480                clock_wait
 .any.text.schedule_transmission
                0x00000000000044a4       0x6a build/z1/obj/csma-output.o
 .any.text.tx_done
                0x000000000000450e       0x84 build/z1/obj/csma-output.o
 .any.text.transmit_from_queue
                0x0000000000004592      0x1ac build/z1/obj/csma-output.o
 .any.text.csma_output_packet
                0x000000000000473e      0x136 build/z1/obj/csma-output.o
                0x000000000000473e                csma_output_packet
 .any.text.csma_output_init
                0x0000000000004874       0x1a build/z1/obj/csma-output.o
                0x0000000000004874                csma_output_init
 .any.text.csma_security_create_frame
                0x000000000000488e       0x10 build/z1/obj/csma-security.o
                0x000000000000488e                csma_security_create_frame
 .any.text.csma_security_parse_frame
                0x000000000000489e        0x6 build/z1/obj/csma-security.o
                0x000000000000489e                csma_security_parse_frame
 .any.text.on   0x00000000000048a4        0x6 build/z1/obj/csma.o
 .any.text.off  0x00000000000048aa        0x6 build/z1/obj/csma.o
 .any.text.max_payload
                0x00000000000048b0       0x38 build/z1/obj/csma.o
 .any.text.send_packet
                0x00000000000048e8        0x6 build/z1/obj/csma.o
 .any.text.input_packet
                0x00000000000048ee       0x58 build/z1/obj/csma.o
 .any.text.init
                0x0000000000004946       0x20 build/z1/obj/csma.o
 .any.text.process_thread_ctimer_process
                0x0000000000004966       0x92 build/z1/obj/ctimer.o
 .any.text.ctimer_init
                0x00000000000049f8       0x14 build/z1/obj/ctimer.o
                0x00000000000049f8                ctimer_init
 .any.text.ctimer_set_with_process
                0x0000000000004a0c       0x4a build/z1/obj/ctimer.o
                0x0000000000004a0c                ctimer_set_with_process
 .any.text.ctimer_stop
                0x0000000000004a56       0x28 build/z1/obj/ctimer.o
                0x0000000000004a56                ctimer_stop
 .any.text.update_time
                0x0000000000004a7e       0x70 build/z1/obj/etimer.o
 .any.text.etimer_request_poll
                0x0000000000004aee        0xa build/z1/obj/etimer.o
                0x0000000000004aee                etimer_request_poll
 .any.text.process_thread_etimer_process
                0x0000000000004af8       0xc4 build/z1/obj/etimer.o
 .any.text.add_timer
                0x0000000000004bbc       0x40 build/z1/obj/etimer.o
 .any.text.etimer_set
                0x0000000000004bfc       0x12 build/z1/obj/etimer.o
                0x0000000000004bfc                etimer_set
 .any.text.etimer_reset
                0x0000000000004c0e       0x12 build/z1/obj/etimer.o
                0x0000000000004c0e                etimer_reset
 .any.text.etimer_pending
                0x0000000000004c20        0xc build/z1/obj/etimer.o
                0x0000000000004c20                etimer_pending
 .any.text.etimer_next_expiration_time
                0x0000000000004c2c       0x16 build/z1/obj/etimer.o
                0x0000000000004c2c                etimer_next_expiration_time
 .any.text.etimer_stop
                0x0000000000004c42       0x3e build/z1/obj/etimer.o
                0x0000000000004c42                etimer_stop
 .any.text.frame802154_get_pan_id
                0x0000000000004c80        0x6 build/z1/obj/frame802154.o
                0x0000000000004c80                frame802154_get_pan_id
 .any.text.frame802154_has_panid
                0x0000000000004c86       0xe4 build/z1/obj/frame802154.o
                0x0000000000004c86                frame802154_has_panid
 .any.text.field_len
                0x0000000000004d6a       0xa6 build/z1/obj/frame802154.o
 .any.text.frame802154_is_broadcast_addr
                0x0000000000004e10       0x28 build/z1/obj/frame802154.o
                0x0000000000004e10                frame802154_is_broadcast_addr
 .any.text.frame802154_hdrlen
                0x0000000000004e38       0x32 build/z1/obj/frame802154.o
                0x0000000000004e38                frame802154_hdrlen
 .any.text.frame802154_create_fcf
                0x0000000000004e6a       0x6e build/z1/obj/frame802154.o
                0x0000000000004e6a                frame802154_create_fcf
 .any.text.frame802154_create
                0x0000000000004ed8       0xbe build/z1/obj/frame802154.o
                0x0000000000004ed8                frame802154_create
 .any.text.frame802154_parse_fcf
                0x0000000000004f96       0x8c build/z1/obj/frame802154.o
                0x0000000000004f96                frame802154_parse_fcf
 .any.text.frame802154_parse
                0x0000000000005022      0x15c build/z1/obj/frame802154.o
                0x0000000000005022                frame802154_parse
 .any.text.parse
                0x000000000000517e       0x9e build/z1/obj/framer-802154.o
 .any.text.framer_802154_setup_params
                0x000000000000521c       0xae build/z1/obj/framer-802154.o
                0x000000000000521c                framer_802154_setup_params
 .any.text.create_frame
                0x00000000000052ca       0x9e build/z1/obj/framer-802154.o
 .any.text.create
                0x0000000000005368        0x8 build/z1/obj/framer-802154.o
 .any.text.hdr_length
                0x0000000000005370        0x8 build/z1/obj/framer-802154.o
 .any.text.i2c_receiveinit
                0x0000000000005378       0x36 build/z1/obj/i2cmaster.o
                0x0000000000005378                i2c_receiveinit
 .any.text.i2c_transmitinit
                0x00000000000053ae       0x30 build/z1/obj/i2cmaster.o
                0x00000000000053ae                i2c_transmitinit
 .any.text.i2c_receive_n
                0x00000000000053de       0x3e build/z1/obj/i2cmaster.o
                0x00000000000053de                i2c_receive_n
 .any.text.i2c_busy
                0x000000000000541c        0xa build/z1/obj/i2cmaster.o
                0x000000000000541c                i2c_busy
 .any.text.i2c_enable
                0x0000000000005426       0x22 build/z1/obj/i2cmaster.o
                0x0000000000005426                i2c_enable
 .any.text.i2c_transmit_n
                0x0000000000005448       0x14 build/z1/obj/i2cmaster.o
                0x0000000000005448                i2c_transmit_n
 .any.text.leds_arch_init
                0x000000000000545c        0xe build/z1/obj/leds-arch.o
                0x000000000000545c                leds_arch_init
 .any.text.leds_arch_get
                0x000000000000546a       0x34 build/z1/obj/leds-arch.o
                0x000000000000546a                leds_arch_get
 .any.text.leds_arch_set
                0x000000000000549e       0x3e build/z1/obj/leds-arch.o
                0x000000000000549e                leds_arch_set
 .any.text.leds_init
                0x00000000000054dc        0x6 build/z1/obj/leds.o
                0x00000000000054dc                leds_init
 .any.text.leds_on
                0x00000000000054e2       0x12 build/z1/obj/leds.o
                0x00000000000054e2                leds_on
 .any.text.leds_off
                0x00000000000054f4       0x12 build/z1/obj/leds.o
                0x00000000000054f4                leds_off
 .any.text.linkaddr_copy
                0x0000000000005506        0x8 build/z1/obj/linkaddr.o
                0x0000000000005506                linkaddr_copy
 .any.text.linkaddr_cmp
                0x000000000000550e       0x12 build/z1/obj/linkaddr.o
                0x000000000000550e                linkaddr_cmp
 .any.text.list_tail
                0x0000000000005520       0x12 build/z1/obj/list.o
                0x0000000000005520                list_tail
 .any.text.list_remove
                0x0000000000005532       0x34 build/z1/obj/list.o
                0x0000000000005532                list_remove
 .any.text.list_add
                0x0000000000005566       0x26 build/z1/obj/list.o
                0x0000000000005566                list_add
 .any.text.list_length
                0x000000000000558c       0x10 build/z1/obj/list.o
                0x000000000000558c                list_length
 .any.text.log_lladdr
                0x000000000000559c       0x40 build/z1/obj/log.o
                0x000000000000559c                log_lladdr
 .any.text.mac_sequence_init
                0x00000000000055dc        0xa build/z1/obj/mac-sequence.o
                0x00000000000055dc                mac_sequence_init
 .any.text.mac_sequence_set_dsn
                0x00000000000055e6       0x18 build/z1/obj/mac-sequence.o
                0x00000000000055e6                mac_sequence_set_dsn
 .any.text.mac_sequence_is_duplicate
                0x00000000000055fe       0x6e build/z1/obj/mac-sequence.o
                0x00000000000055fe                mac_sequence_is_duplicate
 .any.text.mac_sequence_register_seqno
                0x000000000000566c       0x86 build/z1/obj/mac-sequence.o
                0x000000000000566c                mac_sequence_register_seqno
 .any.text.memb_init
                0x00000000000056f2       0x36 build/z1/obj/memb.o
                0x00000000000056f2                memb_init
 .any.text.memb_alloc
                0x0000000000005728       0x3e build/z1/obj/memb.o
                0x0000000000005728                memb_alloc
 .any.text.memb_free
                0x0000000000005766       0x32 build/z1/obj/memb.o
                0x0000000000005766                memb_free
 .any.text.memb_inmemb
                0x0000000000005798       0x2a build/z1/obj/memb.o
                0x0000000000005798                memb_inmemb
 .any.text.msp430_init_dco
                0x00000000000057c2       0x28 build/z1/obj/msp430.o
                0x00000000000057c2                msp430_init_dco
 .any.text.splhigh_
                0x00000000000057ea        0xa build/z1/obj/msp430.o
                0x00000000000057ea                splhigh_
 .any.text.msp430_sync_dco
                0x00000000000057f4       0x6e build/z1/obj/msp430.o
                0x00000000000057f4                msp430_sync_dco
 .any.text.msp430_cpu_init
                0x0000000000005862       0x2e build/z1/obj/msp430.o
                0x0000000000005862                msp430_cpu_init
 .any.text.node_id_z1_restore
                0x0000000000005890       0x4c build/z1/obj/node-id-z1.o
                0x0000000000005890                node_id_z1_restore
 .any.text.process_thread_nullnet_example_process
                0x00000000000058dc       0xac build/z1/obj/nullnet-broadcast.o
 .any.text.input_callback
                0x0000000000005988       0x4a build/z1/obj/nullnet-broadcast.o
                0x0000000000005988                input_callback
 .any.text.init
                0x00000000000059d2        0x8 build/z1/obj/nullnet.o
 .any.text.output
                0x00000000000059da       0x42 build/z1/obj/nullnet.o
 .any.text.input
                0x0000000000005a1c       0x34 build/z1/obj/nullnet.o
 .any.text.nullnet_set_input_callback
                0x0000000000005a50        0x6 build/z1/obj/nullnet.o
                0x0000000000005a50                nullnet_set_input_callback
 .any.text.init
                0x0000000000005a56        0x2 build/z1/obj/nullrouting.o
 .any.text.root_set_prefix
                0x0000000000005a58        0x2 build/z1/obj/nullrouting.o
 .any.text.root_start
                0x0000000000005a5a        0x4 build/z1/obj/nullrouting.o
 .any.text.node_is_root
                0x0000000000005a5e        0x4 build/z1/obj/nullrouting.o
 .any.text.get_root_ipaddr
                0x0000000000005a62        0x4 build/z1/obj/nullrouting.o
 .any.text.get_sr_node_ipaddr
                0x0000000000005a66        0x4 build/z1/obj/nullrouting.o
 .any.text.leave_network
                0x0000000000005a6a        0x2 build/z1/obj/nullrouting.o
 .any.text.node_has_joined
                0x0000000000005a6c        0x4 build/z1/obj/nullrouting.o
 .any.text.node_is_reachable
                0x0000000000005a70        0x4 build/z1/obj/nullrouting.o
 .any.text.global_repair
                0x0000000000005a74        0x2 build/z1/obj/nullrouting.o
 .any.text.local_repair
                0x0000000000005a76        0x2 build/z1/obj/nullrouting.o
 .any.text.ext_header_remove
                0x0000000000005a78        0x4 build/z1/obj/nullrouting.o
 .any.text.ext_header_update
                0x0000000000005a7c        0x4 build/z1/obj/nullrouting.o
 .any.text.ext_header_hbh_update
                0x0000000000005a80        0x4 build/z1/obj/nullrouting.o
 .any.text.ext_header_srh_update
                0x0000000000005a84        0x4 build/z1/obj/nullrouting.o
 .any.text.ext_header_srh_get_next_hop
                0x0000000000005a88        0x4 build/z1/obj/nullrouting.o
 .any.text.link_callback
                0x0000000000005a8c        0x2 build/z1/obj/nullrouting.o
 .any.text.neighbor_state_changed
                0x0000000000005a8e        0x2 build/z1/obj/nullrouting.o
 .any.text.drop_route
                0x0000000000005a90        0x2 build/z1/obj/nullrouting.o
 .any.text.is_in_leaf_mode
                0x0000000000005a92        0x4 build/z1/obj/nullrouting.o
 .any.text.packetbuf_hdrreduce
                0x0000000000005a96       0x1a build/z1/obj/packetbuf.o
                0x0000000000005a96                packetbuf_hdrreduce
 .any.text.packetbuf_set_datalen
                0x0000000000005ab0        0x6 build/z1/obj/packetbuf.o
                0x0000000000005ab0                packetbuf_set_datalen
 .any.text.packetbuf_hdrptr
                0x0000000000005ab6        0x6 build/z1/obj/packetbuf.o
                0x0000000000005ab6                packetbuf_hdrptr
 .any.text.packetbuf_datalen
                0x0000000000005abc        0x6 build/z1/obj/packetbuf.o
                0x0000000000005abc                packetbuf_datalen
 .any.text.packetbuf_hdrlen
                0x0000000000005ac2        0xa build/z1/obj/packetbuf.o
                0x0000000000005ac2                packetbuf_hdrlen
 .any.text.packetbuf_dataptr
                0x0000000000005acc        0xc build/z1/obj/packetbuf.o
                0x0000000000005acc                packetbuf_dataptr
 .any.text.packetbuf_copyto
                0x0000000000005ad8       0x3a build/z1/obj/packetbuf.o
                0x0000000000005ad8                packetbuf_copyto
 .any.text.packetbuf_totlen
                0x0000000000005b12        0xc build/z1/obj/packetbuf.o
                0x0000000000005b12                packetbuf_totlen
 .any.text.packetbuf_hdralloc
                0x0000000000005b1e       0x3c build/z1/obj/packetbuf.o
                0x0000000000005b1e                packetbuf_hdralloc
 .any.text.packetbuf_attr_clear
                0x0000000000005b5a       0x28 build/z1/obj/packetbuf.o
                0x0000000000005b5a                packetbuf_attr_clear
 .any.text.packetbuf_clear
                0x0000000000005b82       0x12 build/z1/obj/packetbuf.o
                0x0000000000005b82                packetbuf_clear
 .any.text.packetbuf_copyfrom
                0x0000000000005b94       0x2a build/z1/obj/packetbuf.o
                0x0000000000005b94                packetbuf_copyfrom
 .any.text.packetbuf_attr_copyto
                0x0000000000005bbe       0x22 build/z1/obj/packetbuf.o
                0x0000000000005bbe                packetbuf_attr_copyto
 .any.text.packetbuf_attr_copyfrom
                0x0000000000005be0       0x24 build/z1/obj/packetbuf.o
                0x0000000000005be0                packetbuf_attr_copyfrom
 .any.text.packetbuf_set_attr
                0x0000000000005c04        0xa build/z1/obj/packetbuf.o
                0x0000000000005c04                packetbuf_set_attr
 .any.text.packetbuf_attr
                0x0000000000005c0e        0xa build/z1/obj/packetbuf.o
                0x0000000000005c0e                packetbuf_attr
 .any.text.packetbuf_set_addr
                0x0000000000005c18       0x12 build/z1/obj/packetbuf.o
                0x0000000000005c18                packetbuf_set_addr
 .any.text.packetbuf_addr
                0x0000000000005c2a        0xe build/z1/obj/packetbuf.o
                0x0000000000005c2a                packetbuf_addr
 .any.text.packetbuf_holds_broadcast
                0x0000000000005c38        0xe build/z1/obj/packetbuf.o
                0x0000000000005c38                packetbuf_holds_broadcast
 .any.text.platform_init_stage_one
                0x0000000000005c46       0x12 build/z1/obj/platform.o
                0x0000000000005c46                platform_init_stage_one
 .any.text.platform_init_stage_two
                0x0000000000005c58       0xda build/z1/obj/platform.o
                0x0000000000005c58                platform_init_stage_two
 .any.text.platform_init_stage_three
                0x0000000000005d32       0x78 build/z1/obj/platform.o
                0x0000000000005d32                platform_init_stage_three
 .any.text.platform_idle
                0x0000000000005daa       0x54 build/z1/obj/platform.o
                0x0000000000005daa                platform_idle
 .any.text.call_process
                0x0000000000005dfe       0x40 build/z1/obj/process.o
 .any.text.exit_process
                0x0000000000005e3e       0x8e build/z1/obj/process.o
 .any.text.do_poll
                0x0000000000005ecc       0x30 build/z1/obj/process.o
 .any.text.process_alloc_event
                0x0000000000005efc        0xe build/z1/obj/process.o
                0x0000000000005efc                process_alloc_event
 .any.text.process_init
                0x0000000000005f0a        0x8 build/z1/obj/process.o
                0x0000000000005f0a                process_init
 .any.text.process_run
                0x0000000000005f12       0x8a build/z1/obj/process.o
                0x0000000000005f12                process_run
 .any.text.process_nevents
                0x0000000000005f9c        0xe build/z1/obj/process.o
                0x0000000000005f9c                process_nevents
 .any.text.process_post
                0x0000000000005faa       0x4a build/z1/obj/process.o
                0x0000000000005faa                process_post
 .any.text.process_post_synch
                0x0000000000005ff4       0x12 build/z1/obj/process.o
                0x0000000000005ff4                process_post_synch
 .any.text.process_start
                0x0000000000006006       0x36 build/z1/obj/process.o
                0x0000000000006006                process_start
 .any.text.process_poll
                0x000000000000603c       0x18 build/z1/obj/process.o
                0x000000000000603c                process_poll
 .any.text.queuebuf_init
                0x0000000000006054       0x12 build/z1/obj/queuebuf.o
                0x0000000000006054                queuebuf_init
 .any.text.queuebuf_new_from_packetbuf
                0x0000000000006066       0x4e build/z1/obj/queuebuf.o
                0x0000000000006066                queuebuf_new_from_packetbuf
 .any.text.queuebuf_update_attr_from_packetbuf
                0x00000000000060b4       0x12 build/z1/obj/queuebuf.o
                0x00000000000060b4                queuebuf_update_attr_from_packetbuf
 .any.text.queuebuf_free
                0x00000000000060c6       0x2a build/z1/obj/queuebuf.o
                0x00000000000060c6                queuebuf_free
 .any.text.queuebuf_to_packetbuf
                0x00000000000060f0       0x32 build/z1/obj/queuebuf.o
                0x00000000000060f0                queuebuf_to_packetbuf
 .any.text.random_init
                0x0000000000006122        0x6 build/z1/obj/random.o
                0x0000000000006122                random_init
 .any.text.random_rand
                0x0000000000006128        0x6 build/z1/obj/random.o
                0x0000000000006128                random_rand
 .any.text.rtimer_arch_init
                0x000000000000612e        0xe build/z1/obj/rtimer-arch.o
                0x000000000000612e                rtimer_arch_init
 .any.text.rtimer_arch_now
                0x000000000000613c        0xe build/z1/obj/rtimer-arch.o
                0x000000000000613c                rtimer_arch_now
 .any.text.rtimer_run_next
                0x000000000000614a       0x18 build/z1/obj/rtimer.o
                0x000000000000614a                rtimer_run_next
 .any.text.process_thread_sensors_process
                0x0000000000006162       0xc2 build/z1/obj/sensors.o
 .any.text.sensors_changed
                0x0000000000006224       0x2a build/z1/obj/sensors.o
                0x0000000000006224                sensors_changed
 .any.text.spi_init
                0x000000000000624e       0x32 build/z1/obj/spi-legacy.o
                0x000000000000624e                spi_init
 .any.text.stack_check_init
                0x0000000000006280       0x2e build/z1/obj/stack-check.o
                0x0000000000006280                stack_check_init
 .any.text.stack_check_get_usage
                0x00000000000062ae       0x46 build/z1/obj/stack-check.o
                0x00000000000062ae                stack_check_get_usage
 .any.text.process_thread_stack_check_process
                0x00000000000062f4       0x88 build/z1/obj/stack-check.o
 .any.text.timer_set
                0x000000000000637c       0x1c build/z1/obj/timer.o
                0x000000000000637c                timer_set
 .any.text.timer_expired
                0x0000000000006398       0x2a build/z1/obj/timer.o
                0x0000000000006398                timer_expired
 .any.text.timer_reset
                0x00000000000063c2       0x1c build/z1/obj/timer.o
                0x00000000000063c2                timer_reset
 .any.text.status
                0x00000000000063de       0x12 build/z1/obj/tmp102.o
 .any.text.tmp102_init
                0x00000000000063f0       0x24 build/z1/obj/tmp102.o
                0x00000000000063f0                tmp102_init
 .any.text.tmp102_stop
                0x0000000000006414        0xa build/z1/obj/tmp102.o
                0x0000000000006414                tmp102_stop
 .any.text.configure
                0x000000000000641e       0x26 build/z1/obj/tmp102.o
 .any.text.tmp102_read_reg
                0x0000000000006444       0x5e build/z1/obj/tmp102.o
                0x0000000000006444                tmp102_read_reg
 .any.text.tmp102_read_temp_x100
                0x00000000000064a2       0x58 build/z1/obj/tmp102.o
                0x00000000000064a2                tmp102_read_temp_x100
 .any.text.value
                0x00000000000064fa        0x6 build/z1/obj/tmp102.o
 .any.text.putchar
                0x0000000000006500       0x10 build/z1/obj/uart-putchar.o
                0x0000000000006500                putchar
 .any.text.uart0_active
                0x0000000000006510        0xe build/z1/obj/uart0.o
                0x0000000000006510                uart0_active
 .any.text.uart0_writeb
                0x000000000000651e       0x16 build/z1/obj/uart0.o
                0x000000000000651e                uart0_writeb
 .any.text.uart0_init
                0x0000000000006534       0x4e build/z1/obj/uart0.o
                0x0000000000006534                uart0_init
 .any.text.watchdog_start
                0x0000000000006582       0x14 build/z1/obj/watchdog.o
                0x0000000000006582                watchdog_start
 .any.text.watchdog_periodic
                0x0000000000006596       0x12 build/z1/obj/watchdog.o
                0x0000000000006596                watchdog_periodic
 .any.text.watchdog_stop
                0x00000000000065a8       0x16 build/z1/obj/watchdog.o
                0x00000000000065a8                watchdog_stop
 .any.text.watchdog_init
                0x00000000000065be       0x12 build/z1/obj/watchdog.o
                0x00000000000065be                watchdog_init
 .any.text.wait_ready
                0x00000000000065d0       0x46 build/z1/obj/xmem.o
 .any.text.xmem_init
                0x0000000000006616       0x1e build/z1/obj/xmem.o
                0x0000000000006616                xmem_init
 .any.text.xmem_pread
                0x0000000000006634       0x88 build/z1/obj/xmem.o
                0x0000000000006634                xmem_pread
 .any.text.printf
                0x00000000000066bc       0x10 /usr/local/bin/../lib/gcc/msp430/4.7.4/../../../../msp430/lib/mcpu-430x/mmpy-16/msr20/mc20/libc.a(printf.o)
                0x00000000000066bc                printf
 .any.text.print_field
                0x00000000000066cc      0x176 /usr/local/bin/../lib/gcc/msp430/4.7.4/../../../../msp430/lib/mcpu-430x/mmpy-16/msr20/mc20/libc.a(vuprintf.o)
 .any.text.vuprintf
                0x0000000000006842      0x742 /usr/local/bin/../lib/gcc/msp430/4.7.4/../../../../msp430/lib/mcpu-430x/mmpy-16/msr20/mc20/libc.a(vuprintf.o)
                0x0000000000006842                vuprintf
 .any.text.puts
                0x0000000000006f84       0x2c /usr/local/bin/../lib/gcc/msp430/4.7.4/../../../../msp430/lib/mcpu-430x/mmpy-16/msr20/mc20/libc.a(puts.o)
                0x0000000000006f84                puts
 .any.text.rand
                0x0000000000006fb0       0x26 /usr/local/bin/../lib/gcc/msp430/4.7.4/../../../../msp430/lib/mcpu-430x/mmpy-16/msr20/mc20/libc.a(rand.o)
                0x0000000000006fb0                rand
 .any.text.srand
                0x0000000000006fd6        0xa /usr/local/bin/../lib/gcc/msp430/4.7.4/../../../../msp430/lib/mcpu-430x/mmpy-16/msr20/mc20/libc.a(rand.o)
                0x0000000000006fd6                srand
 .any.text.memcmp
                0x0000000000006fe0       0x2c /usr/local/bin/../lib/gcc/msp430/4.7.4/../../../../msp430/lib/mcpu-430x/mmpy-16/msr20/mc20/libc.a(memcmp.o)
                0x0000000000006fe0                memcmp
 .any.text.memcpy
                0x000000000000700c       0xe8 /usr/local/bin/../lib/gcc/msp430/4.7.4/../../../../msp430/lib/mcpu-430x/mmpy-16/msr20/mc20/libc.a(memcpy.o)
                0x000000000000700c                memcpy
 .any.text.memset
                0x00000000000070f4       0x5c /usr/local/bin/../lib/gcc/msp430/4.7.4/../../../../msp430/lib/mcpu-430x/mmpy-16/msr20/mc20/libc.a(memset.o)
                0x00000000000070f4                memset

.rodata         0x0000000000007150      0x3be
                0x0000000000007150                . = ALIGN (0x2)
 *(SORT(.rodata) SORT(.rodata.*) SORT(.gnu.linkonce.r.*))
 .rodata.get_value
                0x0000000000007150       0x68 build/z1/obj/cc2420.o
 .rodata.set_value
                0x00000000000071b8       0x20 build/z1/obj/cc2420.o
 .rodata.adxl345
                0x00000000000071d8        0xe build/z1/obj/adxl345.o
                0x00000000000071d8                adxl345
 .rodata.button_sensor
                0x00000000000071e6        0xe build/z1/obj/button-sensor.o
                0x00000000000071e6                button_sensor
 .rodata.cc2420_driver
                0x00000000000071f4       0x38 build/z1/obj/cc2420.o
                0x00000000000071f4                cc2420_driver
 .rodata.output_power
                0x000000000000722c       0x10 build/z1/obj/cc2420.o
 .rodata.csma_driver
                0x000000000000723c       0x1a build/z1/obj/csma.o
                0x000000000000723c                csma_driver
 .rodata.framer_802154
                0x0000000000007256        0xc build/z1/obj/framer-802154.o
                0x0000000000007256                framer_802154
 .rodata.linkaddr_null
                0x0000000000007262        0x8 build/z1/obj/linkaddr.o
                0x0000000000007262                linkaddr_null
 .rodata.autostart_processes
                0x000000000000726a        0x4 build/z1/obj/nullnet-broadcast.o
                0x000000000000726a                autostart_processes
 .rodata.nullnet_driver
                0x000000000000726e        0xe build/z1/obj/nullnet.o
                0x000000000000726e                nullnet_driver
 .rodata.nullrouting_driver
                0x000000000000727c       0x52 build/z1/obj/nullrouting.o
                0x000000000000727c                nullrouting_driver
 .rodata.tmp102
                0x00000000000072ce        0xe build/z1/obj/tmp102.o
                0x00000000000072ce                tmp102
 .rodata        0x00000000000072dc       0x25 build/z1/obj/adxl345.o
 .rodata        0x0000000000007301        0x7 build/z1/obj/button-sensor.o
 .rodata        0x0000000000007308        0xe build/z1/obj/cc2420.o
 .rodata        0x0000000000007316       0xd0 build/z1/obj/contiki-main.o
 .rodata        0x00000000000073e6        0x5 build/z1/obj/csma.o
 .rodata        0x00000000000073eb        0xf build/z1/obj/ctimer.o
 .rodata        0x00000000000073fa        0xc build/z1/obj/etimer.o
 .rodata.CSWTCH.17
                0x0000000000007406        0x2 build/z1/obj/frame802154.o
 .rodata.log_lladdr
                0x0000000000007408       0x14 build/z1/obj/log.o
 .rodata.process_thread_nullnet_example_process
                0x000000000000741c       0x27 build/z1/obj/nullnet-broadcast.o
 .rodata.input_callback
                0x0000000000007443       0x12 build/z1/obj/nullnet-broadcast.o
 .rodata        0x0000000000007455       0x1a build/z1/obj/nullnet-broadcast.o
 .rodata        0x000000000000746f        0x8 build/z1/obj/nullnet.o
 .rodata        0x0000000000007477        0xc build/z1/obj/nullrouting.o
 .rodata.platform_init_stage_three
                0x0000000000007483       0x30 build/z1/obj/platform.o
 .rodata        0x00000000000074b3        0x8 build/z1/obj/sensors.o
 .rodata.process_thread_stack_check_process
                0x00000000000074bb       0x32 build/z1/obj/stack-check.o
 .rodata        0x00000000000074ed        0xc build/z1/obj/stack-check.o
 .rodata        0x00000000000074f9        0xe build/z1/obj/tmp102.o
 .rodata.vuprintf
                0x0000000000007507        0x7 /usr/local/bin/../lib/gcc/msp430/4.7.4/../../../../msp430/lib/mcpu-430x/mmpy-16/msr20/mc20/libc.a(vuprintf.o)
 *(SORT(.near.rodata) SORT(.near.rodata.*))
                0x000000000000750e                . = ALIGN (0x2)
                0x000000000000750e                _etext = .

.data           0x0000000000001100       0xa6 load address 0x000000000000750e
                0x0000000000001100                . = ALIGN (0x2)
                0x0000000000001100                __data_start = .
 *(SORT(.data) SORT(.data.*) SORT(.gnu.linkonce.d.*))
 .data.accmeter_process
                0x0000000000001100        0xc build/z1/obj/adxl345.o
                0x0000000000001100                accmeter_process
 .data.cc2420_process
                0x000000000000110c        0xc build/z1/obj/cc2420.o
                0x000000000000110c                cc2420_process
 .data.neighbor_memb
                0x0000000000001118        0x8 build/z1/obj/csma-output.o
 .data.packet_memb
                0x0000000000001120        0x8 build/z1/obj/csma-output.o
 .data.metadata_memb
                0x0000000000001128        0x8 build/z1/obj/csma-output.o
 .data.ctimer_process
                0x0000000000001130        0xc build/z1/obj/ctimer.o
                0x0000000000001130                ctimer_process
 .data.etimer_process
                0x000000000000113c        0xc build/z1/obj/etimer.o
                0x000000000000113c                etimer_process
 .data.mac_pan_id
                0x0000000000001148        0x2 build/z1/obj/frame802154.o
 .data.curr_log_level_main
                0x000000000000114a        0x2 build/z1/obj/log.o
                0x000000000000114a                curr_log_level_main
 .data.cur_break
                0x000000000000114c        0x2 build/z1/obj/msp430.o
 .data.nullnet_example_process
                0x000000000000114e        0xc build/z1/obj/nullnet-broadcast.o
                0x000000000000114e                nullnet_example_process
 .data.buframmem
                0x000000000000115a        0x8 build/z1/obj/queuebuf.o
 .data.bufmem   0x0000000000001162        0x8 build/z1/obj/queuebuf.o
 .data.sensors_process
                0x000000000000116a        0xc build/z1/obj/sensors.o
                0x000000000000116a                sensors_process
 .data.stack_check_process
                0x0000000000001176        0xc build/z1/obj/stack-check.o
                0x0000000000001176                stack_check_process
 .data.sensors  0x0000000000001182        0x8 build/z1/obj/z1-sensors.o
                0x0000000000001182                sensors
 .data.next     0x000000000000118a        0x4 /usr/local/bin/../lib/gcc/msp430/4.7.4/../../../../msp430/lib/mcpu-430x/mmpy-16/msr20/mc20/libc.a(rand.o)
 .data.adxl345_default_settings
                0x000000000000118e       0x16 build/z1/obj/adxl345.o
 .data.send_on_cca
                0x00000000000011a4        0x1 build/z1/obj/cc2420.o
 .data.prescale_lsb
                0x00000000000011a5        0x1 build/z1/obj/i2cmaster.o
                0x00000000000011a5                prescale_lsb
 *(SORT(.near.data) SORT(.near.data.*))
                0x00000000000011a6                . = ALIGN (0x2)
                0x00000000000011a6                _edata = .
                0x000000000000750e                __data_load_start = LOADADDR (.data)
                0x00000000000000a6                __data_size = SIZEOF (.data)

.bss            0x00000000000011a6      0x8c0 load address 0x00000000000075b4
                0x00000000000011a6                __bss_start = .
 *(SORT(.bss) SORT(.bss.*))
 .bss.int1_mask
                0x00000000000011a6        0x2 build/z1/obj/adxl345.o
 .bss.int2_mask
                0x00000000000011a8        0x2 build/z1/obj/adxl345.o
 .bss.suppressTimer1
                0x00000000000011aa        0x8 build/z1/obj/adxl345.o
 .bss.suppressTimer2
                0x00000000000011b2        0x8 build/z1/obj/adxl345.o
 .bss.debouncetimer
                0x00000000000011ba        0x8 build/z1/obj/button-sensor.o
 .bss.last_packet_timestamp
                0x00000000000011c2        0x2 build/z1/obj/cc2420.o
 .bss.prev_MDMCTRL1
                0x00000000000011c4        0x2 build/z1/obj/cc2420.o
 .bss.prev_DACTST
                0x00000000000011c6        0x2 build/z1/obj/cc2420.o
 .bss.channel   0x00000000000011c8        0x2 build/z1/obj/cc2420.o
 .bss.last_tar  0x00000000000011ca        0x2 build/z1/obj/clock.o
 .bss.count     0x00000000000011cc        0x4 build/z1/obj/clock.o
 .bss.seconds   0x00000000000011d0        0x4 build/z1/obj/clock.o
 .bss.neighbor_list_list
                0x00000000000011d4        0x2 build/z1/obj/csma-output.o
 .bss.neighbor_memb_memb_mem
                0x00000000000011d6       0x4c build/z1/obj/csma-output.o
 .bss.packet_memb_memb_mem
                0x0000000000001222       0x30 build/z1/obj/csma-output.o
 .bss.metadata_memb_memb_mem
                0x0000000000001252       0x40 build/z1/obj/csma-output.o
 .bss.ctimer_list_list
                0x0000000000001292        0x2 build/z1/obj/ctimer.o
 .bss.timerlist
                0x0000000000001294        0x2 build/z1/obj/etimer.o
 .bss.next_expiration
                0x0000000000001296        0x4 build/z1/obj/etimer.o
 .bss.received_seqnos
                0x000000000000129a       0xe0 build/z1/obj/mac-sequence.o
 .bss.node_id   0x000000000000137a        0x2 build/z1/obj/node-id.o
                0x000000000000137a                node_id
 .bss.count.2323
                0x000000000000137c        0x2 build/z1/obj/nullnet-broadcast.o
 .bss.periodic_timer.2322
                0x000000000000137e        0xc build/z1/obj/nullnet-broadcast.o
 .bss.current_callback
                0x000000000000138a        0x4 build/z1/obj/nullnet.o
 .bss.bufptr    0x000000000000138e        0x2 build/z1/obj/packetbuf.o
 .bss.buflen    0x0000000000001390        0x2 build/z1/obj/packetbuf.o
 .bss.packetbuf_aligned
                0x0000000000001392       0x80 build/z1/obj/packetbuf.o
 .bss.mgt_timer
                0x0000000000001412        0x8 build/z1/obj/platform.o
 .bss.events    0x000000000000141a       0x30 build/z1/obj/process.o
 .bss.buframmem_memb_mem
                0x000000000000144a      0x550 build/z1/obj/queuebuf.o
 .bss.bufmem_memb_mem
                0x000000000000199a       0x10 build/z1/obj/queuebuf.o
 .bss.next_rtimer
                0x00000000000019aa        0x2 build/z1/obj/rtimer.o
 .bss.i.2098    0x00000000000019ac        0x2 build/z1/obj/sensors.o
 .bss.events.2099
                0x00000000000019ae        0x2 build/z1/obj/sensors.o
 .bss.stack_top.2139
                0x00000000000019b0        0x2 build/z1/obj/stack-check.o
 .bss.et.2161   0x00000000000019b2        0xc build/z1/obj/stack-check.o
 .bss.uart0_input_handler
                0x00000000000019be        0x4 build/z1/obj/uart0.o
 .bss.counter   0x00000000000019c2        0x2 build/z1/obj/watchdog.o
 .bss.enabled   0x00000000000019c4        0x1 build/z1/obj/adxl345.o
 .bss.poll_mode
                0x00000000000019c5        0x1 build/z1/obj/cc2420.o
 .bss.locked    0x00000000000019c6        0x1 build/z1/obj/cc2420.o
 .bss.lock_on   0x00000000000019c7        0x1 build/z1/obj/cc2420.o
 .bss.lock_off  0x00000000000019c8        0x1 build/z1/obj/cc2420.o
 .bss.receive_on
                0x00000000000019c9        0x1 build/z1/obj/cc2420.o
 .bss.was_on    0x00000000000019ca        0x1 build/z1/obj/cc2420.o
 .bss.neighbor_memb_memb_used
                0x00000000000019cb        0x2 build/z1/obj/csma-output.o
 .bss.packet_memb_memb_used
                0x00000000000019cd        0x8 build/z1/obj/csma-output.o
 .bss.metadata_memb_memb_used
                0x00000000000019d5        0x8 build/z1/obj/csma-output.o
 .bss.initialized
                0x00000000000019dd        0x1 build/z1/obj/ctimer.o
 .bss.tx_byte_tot
                0x00000000000019de        0x1 build/z1/obj/i2cmaster.o
 .bss.rx_byte_tot
                0x00000000000019df        0x1 build/z1/obj/i2cmaster.o
 .bss.prescale_msb
                0x00000000000019e0        0x1 build/z1/obj/i2cmaster.o
                0x00000000000019e0                prescale_msb
 .bss.mac_dsn   0x00000000000019e1        0x1 build/z1/obj/mac-sequence.o
 .bss.hdrlen    0x00000000000019e2        0x1 build/z1/obj/packetbuf.o
 .bss.poll_requested
                0x00000000000019e3        0x1 build/z1/obj/process.o
 .bss.lastevent
                0x00000000000019e4        0x1 build/z1/obj/process.o
 .bss.nevents   0x00000000000019e5        0x1 build/z1/obj/process.o
 .bss.fevent    0x00000000000019e6        0x1 build/z1/obj/process.o
 .bss.buframmem_memb_used
                0x00000000000019e7        0x8 build/z1/obj/queuebuf.o
 .bss.bufmem_memb_used
                0x00000000000019ef        0x8 build/z1/obj/queuebuf.o
 .bss.num_sensors
                0x00000000000019f7        0x1 build/z1/obj/sensors.o
 .bss.enabled   0x00000000000019f8        0x1 build/z1/obj/tmp102.o
 .bss.transmitting
                0x00000000000019f9        0x1 build/z1/obj/uart0.o
 *(SORT(.near.bss) SORT(.near.bss.*))
 *(SORT(COMMON))
 COMMON         0x00000000000019fa        0x8 build/z1/obj/adxl345.o
                0x00000000000019fa                accm_int2_cb
                0x00000000000019fe                accm_int1_cb
 COMMON         0x0000000000001a02        0xc build/z1/obj/cc2420.o
                0x0000000000001a02                cc2420_last_rssi
                0x0000000000001a04                cc2420_sfd_start_time
                0x0000000000001a06                cc2420_last_correlation
                0x0000000000001a08                cc2420_authority_level_of_sender
                0x0000000000001a0a                cc2420_sfd_counter
                0x0000000000001a0c                cc2420_sfd_end_time
 COMMON         0x0000000000001a0e        0xe build/z1/obj/i2cmaster.o
                0x0000000000001a0e                transmit_data1
                0x0000000000001a0f                rx_byte_ctr
                0x0000000000001a10                tx_buf_ptr
                0x0000000000001a12                tx_byte_ctr
                0x0000000000001a14                i
                0x0000000000001a16                receive_data
                0x0000000000001a17                rx_buf
                0x0000000000001a19                transmit_data2
                0x0000000000001a1a                rx_buf_ptr
 COMMON         0x0000000000001a1c        0x8 build/z1/obj/linkaddr.o
                0x0000000000001a1c                linkaddr_node_addr
 COMMON         0x0000000000001a24        0x2 build/z1/obj/msp430.o
                0x0000000000001a24                msp430_dco_required
 COMMON         0x0000000000001a26        0x4 build/z1/obj/nullnet.o
                0x0000000000001a26                nullnet_buf
                0x0000000000001a28                nullnet_len
 COMMON         0x0000000000001a2a       0x28 build/z1/obj/packetbuf.o
                0x0000000000001a2a                packetbuf_addrs
                0x0000000000001a3a                packetbuf_attrs
 COMMON         0x0000000000001a52        0x6 build/z1/obj/process.o
                0x0000000000001a52                process_list
                0x0000000000001a54                process_maxevents
                0x0000000000001a56                process_current
 COMMON         0x0000000000001a58        0x8 build/z1/obj/node-id-z1.o
                0x0000000000001a58                node_mac
 COMMON         0x0000000000001a60        0x1 build/z1/obj/sensors.o
                0x0000000000001a60                sensors_event
 COMMON         0x0000000000001a61        0x4 build/z1/obj/z1-sensors.o
                0x0000000000001a61                sensors_flags
                0x0000000000001a66                . = ALIGN (0x2)
 *fill*         0x0000000000001a65        0x1 00
                0x0000000000001a66                __bss_end = .
                0x00000000000008c0                __bss_size = SIZEOF (.bss)

.noinit         0x0000000000001a66        0x2 load address 0x00000000000075b4
                0x0000000000001a66                . = ALIGN (0x2)
                0x0000000000001a66                __noinit_start = .
 *(SORT(.noinit) SORT(.noinit.*))
 .noinit.crt0   0x0000000000001a66        0x2 /usr/local/bin/../lib/gcc/msp430/4.7.4/mcpu-430x/mmpy-16/msr20/mc20/libcrt0.a(__watchdog_support.o)
                0x0000000000001a66                __wdt_clear_value
                0x0000000000001a68                . = ALIGN (0x2)
                0x0000000000001a68                __noinit_end = .
                0x0000000000001a68                . = ALIGN (0x2)
                0x0000000000001a68                _end = .

.infomem        0x0000000000001000        0x0
                0x0000000000001000                . = ALIGN (0x2)
 *(SORT(.infomem) SORT(.infomem.*))

.infomemnobits  0x0000000000001000        0x0
                0x0000000000001000                . = ALIGN (0x2)
 *(SORT(.infomemnobits) SORT(.infomemnobits.*))

.infoa          0x00000000000010c0        0x0
                0x00000000000010c0                . = ALIGN (0x2)
 *(SORT(.infoa) SORT(.infoa.*))

.infob          0x0000000000001080        0x0
                0x0000000000001080                . = ALIGN (0x2)
 *(SORT(.infob) SORT(.infob.*))

.infoc          0x0000000000001040        0x0
                0x0000000000001040                . = ALIGN (0x2)
 *(SORT(.infoc) SORT(.infoc.*))

.infod          0x0000000000001000        0x0
                0x0000000000001000                . = ALIGN (0x2)
 *(SORT(.infod) SORT(.infod.*))
                0x000000000000ffff                PROVIDE (__vte_0, 0xffff)
                0x000000000000ffff                PROVIDE (__vte_1, 0xffff)
                0x000000000000ffff                PROVIDE (__vte_2, 0xffff)
                0x000000000000ffff                PROVIDE (__vte_3, 0xffff)
                0x000000000000ffff                PROVIDE (__vte_4, 0xffff)
                0x000000000000ffff                PROVIDE (__vte_5, 0xffff)
                0x000000000000ffff                PROVIDE (__vte_6, 0xffff)
                0x000000000000ffff                PROVIDE (__vte_7, 0xffff)
                0x000000000000ffff                PROVIDE (__vte_8, 0xffff)
                0x000000000000ffff                PROVIDE (__vte_9, 0xffff)
                0x000000000000ffff                PROVIDE (__vte_10, 0xffff)
                0x000000000000ffff                PROVIDE (__vte_11, 0xffff)
                0x000000000000ffff                PROVIDE (__vte_12, 0xffff)
                0x000000000000ffff                PROVIDE (__vte_13, 0xffff)
                0x000000000000ffff                PROVIDE (__vte_14, 0xffff)
                0x000000000000ffff                PROVIDE (__vte_15, 0xffff)
                0x000000000000ffff                PROVIDE (__vte_16, 0xffff)
                0x000000000000ffff                PROVIDE (__vte_17, 0xffff)
                0x000000000000ffff                PROVIDE (__vte_18, 0xffff)
                0x000000000000ffff                PROVIDE (__vte_19, 0xffff)
                0x000000000000ffff                PROVIDE (__vte_20, 0xffff)
                0x000000000000ffff                PROVIDE (__vte_21, 0xffff)
                0x000000000000ffff                PROVIDE (__vte_22, 0xffff)
                0x000000000000ffff                PROVIDE (__vte_23, 0xffff)
                0x000000000000ffff                PROVIDE (__vte_24, 0xffff)
                0x000000000000ffff                PROVIDE (__vte_25, 0xffff)
                0x000000000000ffff                PROVIDE (__vte_26, 0xffff)
                0x000000000000ffff                PROVIDE (__vte_27, 0xffff)
                0x000000000000ffff                PROVIDE (__vte_28, 0xffff)
                0x000000000000ffff                PROVIDE (__vte_29, 0xffff)
                0x000000000000ffff                PROVIDE (__vte_30, 0xffff)
                0x000000000000ffff                PROVIDE (__vte_31, 0xffff)

.vectors        0x000000000000ffc0       0x40
                0x000000000000ffc0                __vectors_start = .
 *(SORT(.vectors*))
 .vectors       0x000000000000ffc0       0x40 /usr/local/bin/../lib/gcc/msp430/4.7.4/mcpu-430x/mmpy-16/msr20/mc20/crt0ivtbl32.o
                0x000000000000ffc0                __ivtbl_32
                0x0000000000010000                _vectors_end = .

.fartext        0x0000000000010000        0x0
                0x0000000000010000                . = ALIGN (0x2)
 *(SORT(.fartext) SORT(.fartext.*))

.far.text       0x0000000000010000        0x0
                0x0000000000010000                . = ALIGN (0x2)
 *(SORT(.far.text) SORT(.far.text.*))

.far.rodata     0x0000000000010000        0x0
                0x0000000000010000                . = ALIGN (0x2)
 *(SORT(.far.rodata) SORT(.far.rodata.*))
                0x0000000000010000                . = ALIGN (0x2)
                0x0000000000010000                _efartext = .

.far.data       0x0000000000000000        0x0 load address 0x0000000000010000
                0x0000000000000000                . = ALIGN (0x2)
                0x0000000000000000                __far_data_start = .
 *(SORT(.far.data) SORT(.far.data.*))
                0x0000000000000000                . = ALIGN (0x2)
                0x0000000000000000                _efardata = .
                0x0000000000010000                __far_data_load_start = LOADADDR (.far.data)
                0x0000000000000000                __far_data_size = SIZEOF (.far.data)

.far.bss        0x0000000000000000        0x0 load address 0x0000000000010000
                0x0000000000000000                . = ALIGN (0x2)
                0x0000000000000000                __far_bss_start = .
 *(SORT(.far.bss) SORT(.far.bss.*))
                0x0000000000000000                . = ALIGN (0x2)
                0x0000000000000000                __far_bss_end = .
                0x0000000000000000                __far_bss_size = SIZEOF (.far.bss)
                0x0000000000000000                . = ALIGN (0x2)
                0x0000000000000000                _far_end = .

.profiler
 *(SORT(.profiler))

.stab
 *(SORT(.stab))

.stabstr
 *(SORT(.stabstr))

.stab.excl
 *(SORT(.stab.excl))

.stab.exclstr
 *(SORT(.stab.exclstr))

.stab.index
 *(SORT(.stab.index))

.stab.indexstr
 *(SORT(.stab.indexstr))

.comment        0x0000000000000000       0x30
 *(SORT(.comment))
 .comment       0x0000000000000000       0x30 build/z1/obj/adxl345.o
                                         0x31 (size before relaxing)
 .comment       0x0000000000000000       0x31 build/z1/obj/autostart.o
 .comment       0x0000000000000000       0x31 build/z1/obj/button-sensor.o
 .comment       0x0000000000000000       0x31 build/z1/obj/cc2420-arch-sfd.o
 .comment       0x0000000000000000       0x31 build/z1/obj/cc2420-arch.o
 .comment       0x0000000000000000       0x31 build/z1/obj/cc2420.o
 .comment       0x0000000000000000       0x31 build/z1/obj/clock.o
 .comment       0x0000000000000000       0x31 build/z1/obj/contiki-main.o
 .comment       0x0000000000000000       0x31 build/z1/obj/csma-output.o
 .comment       0x0000000000000000       0x31 build/z1/obj/csma-security.o
 .comment       0x0000000000000000       0x31 build/z1/obj/csma.o
 .comment       0x0000000000000000       0x31 build/z1/obj/ctimer.o
 .comment       0x0000000000000000       0x31 build/z1/obj/etimer.o
 .comment       0x0000000000000000       0x31 build/z1/obj/frame802154.o
 .comment       0x0000000000000000       0x31 build/z1/obj/framer-802154.o
 .comment       0x0000000000000000       0x31 build/z1/obj/i2cmaster.o
 .comment       0x0000000000000000       0x31 build/z1/obj/leds-arch.o
 .comment       0x0000000000000000       0x31 build/z1/obj/leds.o
 .comment       0x0000000000000000       0x31 build/z1/obj/linkaddr.o
 .comment       0x0000000000000000       0x31 build/z1/obj/list.o
 .comment       0x0000000000000000       0x31 build/z1/obj/log.o
 .comment       0x0000000000000000       0x31 build/z1/obj/mac-sequence.o
 .comment       0x0000000000000000       0x31 build/z1/obj/memb.o
 .comment       0x0000000000000000       0x31 build/z1/obj/msp430.o
 .comment       0x0000000000000000       0x31 build/z1/obj/node-id-z1.o
 .comment       0x0000000000000000       0x31 build/z1/obj/node-id.o
 .comment       0x0000000000000000       0x31 build/z1/obj/nullnet-broadcast.o
 .comment       0x0000000000000000       0x31 build/z1/obj/nullnet.o
 .comment       0x0000000000000000       0x31 build/z1/obj/nullrouting.o
 .comment       0x0000000000000000       0x31 build/z1/obj/packetbuf.o
 .comment       0x0000000000000000       0x31 build/z1/obj/platform.o
 .comment       0x0000000000000000       0x31 build/z1/obj/process.o
 .comment       0x0000000000000000       0x31 build/z1/obj/queuebuf.o
 .comment       0x0000000000000000       0x31 build/z1/obj/random.o
 .comment       0x0000000000000000       0x31 build/z1/obj/rtimer-arch.o
 .comment       0x0000000000000000       0x31 build/z1/obj/rtimer.o
 .comment       0x0000000000000000       0x31 build/z1/obj/sensors.o
 .comment       0x0000000000000000       0x31 build/z1/obj/spi-legacy.o
 .comment       0x0000000000000000       0x31 build/z1/obj/stack-check.o
 .comment       0x0000000000000000       0x31 build/z1/obj/timer.o
 .comment       0x0000000000000000       0x31 build/z1/obj/tmp102.o
 .comment       0x0000000000000000       0x31 build/z1/obj/uart-putchar.o
 .comment       0x0000000000000000       0x31 build/z1/obj/uart0.o
 .comment       0x0000000000000000       0x31 build/z1/obj/watchdog.o
 .comment       0x0000000000000000       0x31 build/z1/obj/xmem.o
 .comment       0x0000000000000000       0x31 build/z1/obj/z1-sensors.o
 .comment       0x0000000000000000       0x31 /usr/local/bin/../lib/gcc/msp430/4.7.4/../../../../msp430/lib/mcpu-430x/mmpy-16/msr20/mc20/libc.a(printf.o)
 .comment       0x0000000000000000       0x31 /usr/local/bin/../lib/gcc/msp430/4.7.4/../../../../msp430/lib/mcpu-430x/mmpy-16/msr20/mc20/libc.a(vuprintf.o)
 .comment       0x0000000000000000       0x31 /usr/local/bin/../lib/gcc/msp430/4.7.4/../../../../msp430/lib/mcpu-430x/mmpy-16/msr20/mc20/libc.a(puts.o)
 .comment       0x0000000000000000       0x31 /usr/local/bin/../lib/gcc/msp430/4.7.4/../../../../msp430/lib/mcpu-430x/mmpy-16/msr20/mc20/libc.a(rand.o)
 .comment       0x0000000000000000       0x31 /usr/local/bin/../lib/gcc/msp430/4.7.4/../../../../msp430/lib/mcpu-430x/mmpy-16/msr20/mc20/libc.a(memcmp.o)
 .comment       0x0000000000000000       0x31 /usr/local/bin/../lib/gcc/msp430/4.7.4/../../../../msp430/lib/mcpu-430x/mmpy-16/msr20/mc20/libc.a(memcpy.o)
 .comment       0x0000000000000000       0x31 /usr/local/bin/../lib/gcc/msp430/4.7.4/../../../../msp430/lib/mcpu-430x/mmpy-16/msr20/mc20/libc.a(memset.o)

.debug
 *(SORT(.debug))

.line
 *(SORT(.line))

.debug_srcinfo
 *(SORT(.debug_srcinfo))

.debug_sfnames
 *(SORT(.debug_sfnames))

.debug_aranges  0x0000000000000000      0x260
 *(SORT(.debug_aranges))
 .debug_aranges
                0x0000000000000000       0x20 /usr/local/bin/../lib/gcc/msp430/4.7.4/mcpu-430x/mmpy-16/msr20/mc20/crt0ivtbl32.o
 .debug_aranges
                0x0000000000000020       0x20 /usr/local/bin/../lib/gcc/msp430/4.7.4/mcpu-430x/mmpy-16/msr20/mc20/libgcc.a(_mulsi3.o)
 .debug_aranges
                0x0000000000000040       0x20 /usr/local/bin/../lib/gcc/msp430/4.7.4/mcpu-430x/mmpy-16/msr20/mc20/libgcc.a(_udivmod16.o)
 .debug_aranges
                0x0000000000000060       0x20 /usr/local/bin/../lib/gcc/msp430/4.7.4/mcpu-430x/mmpy-16/msr20/mc20/libgcc.a(_udivmod32.o)
 .debug_aranges
                0x0000000000000080       0x20 /usr/local/bin/../lib/gcc/msp430/4.7.4/mcpu-430x/mmpy-16/msr20/mc20/libgcc.a(_udivmod64.o)
 .debug_aranges
                0x00000000000000a0       0x20 /usr/local/bin/../lib/gcc/msp430/4.7.4/mcpu-430x/mmpy-16/msr20/mc20/libcrt0.a(__watchdog_support.o)
 .debug_aranges
                0x00000000000000c0       0x20 /usr/local/bin/../lib/gcc/msp430/4.7.4/mcpu-430x/mmpy-16/msr20/mc20/libcrt0.a(__init_stack.o)
 .debug_aranges
                0x00000000000000e0       0x20 /usr/local/bin/../lib/gcc/msp430/4.7.4/mcpu-430x/mmpy-16/msr20/mc20/libcrt0.a(_copy_data.o)
 .debug_aranges
                0x0000000000000100       0x20 /usr/local/bin/../lib/gcc/msp430/4.7.4/mcpu-430x/mmpy-16/msr20/mc20/libcrt0.a(_clear_bss.o)
 .debug_aranges
                0x0000000000000120       0x20 /usr/local/bin/../lib/gcc/msp430/4.7.4/mcpu-430x/mmpy-16/msr20/mc20/libcrt0.a(_endless_loop__.o)
 .debug_aranges
                0x0000000000000140       0x20 /usr/local/bin/../lib/gcc/msp430/4.7.4/mcpu-430x/mmpy-16/msr20/mc20/libcrt0.a(_unexpected_.o)
 .debug_aranges
                0x0000000000000160       0x28 /usr/local/bin/../lib/gcc/msp430/4.7.4/../../../../msp430/lib/mcpu-430x/mmpy-16/msr20/mc20/libc.a(printf.o)
 .debug_aranges
                0x0000000000000188       0x28 /usr/local/bin/../lib/gcc/msp430/4.7.4/../../../../msp430/lib/mcpu-430x/mmpy-16/msr20/mc20/libc.a(vuprintf.o)
 .debug_aranges
                0x00000000000001b0       0x20 /usr/local/bin/../lib/gcc/msp430/4.7.4/../../../../msp430/lib/mcpu-430x/mmpy-16/msr20/mc20/libc.a(puts.o)
 .debug_aranges
                0x00000000000001d0       0x30 /usr/local/bin/../lib/gcc/msp430/4.7.4/../../../../msp430/lib/mcpu-430x/mmpy-16/msr20/mc20/libc.a(rand.o)
 .debug_aranges
                0x0000000000000200       0x20 /usr/local/bin/../lib/gcc/msp430/4.7.4/../../../../msp430/lib/mcpu-430x/mmpy-16/msr20/mc20/libc.a(memcmp.o)
 .debug_aranges
                0x0000000000000220       0x20 /usr/local/bin/../lib/gcc/msp430/4.7.4/../../../../msp430/lib/mcpu-430x/mmpy-16/msr20/mc20/libc.a(memcpy.o)
 .debug_aranges
                0x0000000000000240       0x20 /usr/local/bin/../lib/gcc/msp430/4.7.4/../../../../msp430/lib/mcpu-430x/mmpy-16/msr20/mc20/libc.a(memset.o)

.debug_pubnames
 *(SORT(.debug_pubnames))

.debug_info     0x0000000000000000     0x156b
 *(SORT(.debug_info))
 .debug_info    0x0000000000000000       0xb6 /usr/local/bin/../lib/gcc/msp430/4.7.4/mcpu-430x/mmpy-16/msr20/mc20/crt0ivtbl32.o
 .debug_info    0x00000000000000b6       0xb3 /usr/local/bin/../lib/gcc/msp430/4.7.4/mcpu-430x/mmpy-16/msr20/mc20/libgcc.a(_mulsi3.o)
 .debug_info    0x0000000000000169       0xb3 /usr/local/bin/../lib/gcc/msp430/4.7.4/mcpu-430x/mmpy-16/msr20/mc20/libgcc.a(_udivmod16.o)
 .debug_info    0x000000000000021c       0xb3 /usr/local/bin/../lib/gcc/msp430/4.7.4/mcpu-430x/mmpy-16/msr20/mc20/libgcc.a(_udivmod32.o)
 .debug_info    0x00000000000002cf      0x18d /usr/local/bin/../lib/gcc/msp430/4.7.4/../../../../msp430/lib/mcpu-430x/mmpy-16/msr20/mc20/libc.a(printf.o)
 .debug_info    0x000000000000045c      0x673 /usr/local/bin/../lib/gcc/msp430/4.7.4/../../../../msp430/lib/mcpu-430x/mmpy-16/msr20/mc20/libc.a(vuprintf.o)
 .debug_info    0x0000000000000acf       0xe1 /usr/local/bin/../lib/gcc/msp430/4.7.4/../../../../msp430/lib/mcpu-430x/mmpy-16/msr20/mc20/libc.a(puts.o)
 .debug_info    0x0000000000000bb0      0x172 /usr/local/bin/../lib/gcc/msp430/4.7.4/../../../../msp430/lib/mcpu-430x/mmpy-16/msr20/mc20/libc.a(rand.o)
 .debug_info    0x0000000000000d22       0xff /usr/local/bin/../lib/gcc/msp430/4.7.4/../../../../msp430/lib/mcpu-430x/mmpy-16/msr20/mc20/libc.a(memcmp.o)
 .debug_info    0x0000000000000e21      0x144 /usr/local/bin/../lib/gcc/msp430/4.7.4/../../../../msp430/lib/mcpu-430x/mmpy-16/msr20/mc20/libc.a(memcpy.o)
 .debug_info    0x0000000000000f65      0x12d /usr/local/bin/../lib/gcc/msp430/4.7.4/../../../../msp430/lib/mcpu-430x/mmpy-16/msr20/mc20/libc.a(memset.o)
 .debug_info    0x0000000000001092       0xb3 /usr/local/bin/../lib/gcc/msp430/4.7.4/mcpu-430x/mmpy-16/msr20/mc20/libgcc.a(_udivmod64.o)
 .debug_info    0x0000000000001145       0xb1 /usr/local/bin/../lib/gcc/msp430/4.7.4/mcpu-430x/mmpy-16/msr20/mc20/libcrt0.a(__watchdog_support.o)
 .debug_info    0x00000000000011f6       0xb1 /usr/local/bin/../lib/gcc/msp430/4.7.4/mcpu-430x/mmpy-16/msr20/mc20/libcrt0.a(__init_stack.o)
 .debug_info    0x00000000000012a7       0xb1 /usr/local/bin/../lib/gcc/msp430/4.7.4/mcpu-430x/mmpy-16/msr20/mc20/libcrt0.a(_copy_data.o)
 .debug_info    0x0000000000001358       0xb1 /usr/local/bin/../lib/gcc/msp430/4.7.4/mcpu-430x/mmpy-16/msr20/mc20/libcrt0.a(_clear_bss.o)
 .debug_info    0x0000000000001409       0xb1 /usr/local/bin/../lib/gcc/msp430/4.7.4/mcpu-430x/mmpy-16/msr20/mc20/libcrt0.a(_endless_loop__.o)
 .debug_info    0x00000000000014ba       0xb1 /usr/local/bin/../lib/gcc/msp430/4.7.4/mcpu-430x/mmpy-16/msr20/mc20/libcrt0.a(_unexpected_.o)
 *(SORT(.gnu.linkonce.wi.*))

.debug_abbrev   0x0000000000000000      0x79c
 *(SORT(.debug_abbrev))
 .debug_abbrev  0x0000000000000000       0x14 /usr/local/bin/../lib/gcc/msp430/4.7.4/mcpu-430x/mmpy-16/msr20/mc20/crt0ivtbl32.o
 .debug_abbrev  0x0000000000000014       0x14 /usr/local/bin/../lib/gcc/msp430/4.7.4/mcpu-430x/mmpy-16/msr20/mc20/libgcc.a(_mulsi3.o)
 .debug_abbrev  0x0000000000000028       0x14 /usr/local/bin/../lib/gcc/msp430/4.7.4/mcpu-430x/mmpy-16/msr20/mc20/libgcc.a(_udivmod16.o)
 .debug_abbrev  0x000000000000003c       0x14 /usr/local/bin/../lib/gcc/msp430/4.7.4/mcpu-430x/mmpy-16/msr20/mc20/libgcc.a(_udivmod32.o)
 .debug_abbrev  0x0000000000000050       0xfa /usr/local/bin/../lib/gcc/msp430/4.7.4/../../../../msp430/lib/mcpu-430x/mmpy-16/msr20/mc20/libc.a(printf.o)
 .debug_abbrev  0x000000000000014a      0x23e /usr/local/bin/../lib/gcc/msp430/4.7.4/../../../../msp430/lib/mcpu-430x/mmpy-16/msr20/mc20/libc.a(vuprintf.o)
 .debug_abbrev  0x0000000000000388       0xa3 /usr/local/bin/../lib/gcc/msp430/4.7.4/../../../../msp430/lib/mcpu-430x/mmpy-16/msr20/mc20/libc.a(puts.o)